Archive member included to satisfy reference by file (symbol)

app/libapp.a(main.c.obj)      (--whole-archive)
app/libapp.a(VM.c.obj)        (--whole-archive)
zephyr/libzephyr.a(cbprintf_packaged.c.obj)
                              (--whole-archive)
zephyr/libzephyr.a(dec.c.obj)
                              (--whole-archive)
zephyr/libzephyr.a(hex.c.obj)
                              (--whole-archive)
zephyr/libzephyr.a(printk.c.obj)
                              (--whole-archive)
zephyr/libzephyr.a(rb.c.obj)  (--whole-archive)
zephyr/libzephyr.a(sem.c.obj)
                              (--whole-archive)
zephyr/libzephyr.a(thread_entry.c.obj)
                              (--whole-archive)
zephyr/libzephyr.a(timeutil.c.obj)
                              (--whole-archive)
zephyr/libzephyr.a(heap.c.obj)
                              (--whole-archive)
zephyr/libzephyr.a(heap-validate.c.obj)
                              (--whole-archive)
zephyr/libzephyr.a(bitarray.c.obj)
                              (--whole-archive)
zephyr/libzephyr.a(multi_heap.c.obj)
                              (--whole-archive)
zephyr/libzephyr.a(onoff.c.obj)
                              (--whole-archive)
zephyr/libzephyr.a(notify.c.obj)
                              (--whole-archive)
zephyr/libzephyr.a(cbprintf_complete.c.obj)
                              (--whole-archive)
zephyr/libzephyr.a(assert.c.obj)
                              (--whole-archive)
zephyr/libzephyr.a(reboot.c.obj)
                              (--whole-archive)
zephyr/libzephyr.a(configs.c.obj)
                              (--whole-archive)
zephyr/libzephyr.a(mem_attr.c.obj)
                              (--whole-archive)
zephyr/libzephyr.a(tracing_none.c.obj)
                              (--whole-archive)
zephyr/libzephyr.a(nrf_cc3xx_platform_abort_zephyr.c.obj)
                              (--whole-archive)
zephyr/libzephyr.a(nrf_cc3xx_platform_mutex_zephyr.c.obj)
                              (--whole-archive)
zephyr/arch/common/libarch__common.a(sw_isr_common.c.obj)
                              (--whole-archive)
zephyr/arch/arch/arm/core/libarch__arm__core.a(fatal.c.obj)
                              (--whole-archive)
zephyr/arch/arch/arm/core/libarch__arm__core.a(nmi.c.obj)
                              (--whole-archive)
zephyr/arch/arch/arm/core/libarch__arm__core.a(nmi_on_reset.S.obj)
                              (--whole-archive)
zephyr/arch/arch/arm/core/libarch__arm__core.a(tls.c.obj)
                              (--whole-archive)
zephyr/arch/arch/arm/core/cortex_m/libarch__arm__core__cortex_m.a(exc_exit.S.obj)
                              (--whole-archive)
zephyr/arch/arch/arm/core/cortex_m/libarch__arm__core__cortex_m.a(fault.c.obj)
                              (--whole-archive)
zephyr/arch/arch/arm/core/cortex_m/libarch__arm__core__cortex_m.a(fault_s.S.obj)
                              (--whole-archive)
zephyr/arch/arch/arm/core/cortex_m/libarch__arm__core__cortex_m.a(fpu.c.obj)
                              (--whole-archive)
zephyr/arch/arch/arm/core/cortex_m/libarch__arm__core__cortex_m.a(reset.S.obj)
                              (--whole-archive)
zephyr/arch/arch/arm/core/cortex_m/libarch__arm__core__cortex_m.a(scb.c.obj)
                              (--whole-archive)
zephyr/arch/arch/arm/core/cortex_m/libarch__arm__core__cortex_m.a(thread_abort.c.obj)
                              (--whole-archive)
zephyr/arch/arch/arm/core/cortex_m/libarch__arm__core__cortex_m.a(vector_table.S.obj)
                              (--whole-archive)
zephyr/arch/arch/arm/core/cortex_m/libarch__arm__core__cortex_m.a(swap.c.obj)
                              (--whole-archive)
zephyr/arch/arch/arm/core/cortex_m/libarch__arm__core__cortex_m.a(swap_helper.S.obj)
                              (--whole-archive)
zephyr/arch/arch/arm/core/cortex_m/libarch__arm__core__cortex_m.a(irq_manage.c.obj)
                              (--whole-archive)
zephyr/arch/arch/arm/core/cortex_m/libarch__arm__core__cortex_m.a(prep_c.c.obj)
                              (--whole-archive)
zephyr/arch/arch/arm/core/cortex_m/libarch__arm__core__cortex_m.a(thread.c.obj)
                              (--whole-archive)
zephyr/arch/arch/arm/core/cortex_m/libarch__arm__core__cortex_m.a(cpu_idle.S.obj)
                              (--whole-archive)
zephyr/arch/arch/arm/core/cortex_m/libarch__arm__core__cortex_m.a(irq_init.c.obj)
                              (--whole-archive)
zephyr/arch/arch/arm/core/cortex_m/libarch__arm__core__cortex_m.a(isr_wrapper.S.obj)
                              (--whole-archive)
zephyr/arch/arch/arm/core/cortex_m/libarch__arm__core__cortex_m.a(__aeabi_read_tp.S.obj)
                              (--whole-archive)
zephyr/arch/arch/arm/core/mpu/libarch__arm__core__mpu.a(arm_core_mpu.c.obj)
                              (--whole-archive)
zephyr/arch/arch/arm/core/mpu/libarch__arm__core__mpu.a(arm_mpu.c.obj)
                              (--whole-archive)
[...]
Memory Configuration

Name             Origin             Length             Attributes
FLASH            0x0000000000000000 0x0000000000100000 xr
RAM              0x0000000020000000 0x0000000000040000 xw
IDT_LIST         0x00000000ffff7fff 0x0000000000008000 xw
*default*        0x0000000000000000 0xffffffffffffffff

Linker script and memory map

                0x0000000000004100                vfprintf = __l_vfprintf
                0x0000000000000000                vfscanf = __l_vfscanf
LOAD zephyr/CMakeFiles/zephyr_final.dir/misc/empty_file.c.obj
LOAD zephyr/CMakeFiles/zephyr_final.dir/isr_tables.c.obj
LOAD zephyr/CMakeFiles/offsets.dir/./arch/arm/core/offsets/offsets.c.obj
LOAD app/libapp.a
LOAD zephyr/libzephyr.a
LOAD zephyr/arch/common/libarch__common.a
LOAD zephyr/arch/arch/arm/core/libarch__arm__core.a
LOAD zephyr/arch/arch/arm/core/cortex_m/libarch__arm__core__cortex_m.a
LOAD zephyr/arch/arch/arm/core/mpu/libarch__arm__core__mpu.a
LOAD zephyr/lib/libc/picolibc/liblib__libc__picolibc.a
LOAD zephyr/lib/libc/common/liblib__libc__common.a
LOAD zephyr/soc/soc/arm/nordic_nrf/libsoc__arm__nordic_nrf.a
LOAD zephyr/drivers/clock_control/libdrivers__clock_control.a
LOAD zephyr/drivers/console/libdrivers__console.a
LOAD zephyr/drivers/gpio/libdrivers__gpio.a
LOAD zephyr/drivers/pinctrl/libdrivers__pinctrl.a
LOAD zephyr/drivers/serial/libdrivers__serial.a
LOAD zephyr/drivers/timer/libdrivers__timer.a
LOAD modules/nrf/lib/fatal_error/lib..__nrf__lib__fatal_error.a
LOAD modules/nrf/drivers/hw_cc3xx/lib..__nrf__drivers__hw_cc3xx.a
LOAD modules/hal_nordic/nrfx/libmodules__hal_nordic__nrfx.a
LOAD modules/segger/libmodules__segger.a
LOAD zephyr/kernel/libkernel.a
LOAD /home/hugo/ncs/toolchains/2be090971e/opt/zephyr-sdk/arm-zephyr-eabi/bin/../lib/gcc/arm-zephyr-eabi/12.2.0/thumb/v7e-m/nofp/libgcc.a
LOAD zephyr/arch/common/libisr_tables.a
LOAD /home/hugo/ncs/v2.6.1/nrfxlib/crypto/nrf_cc310_platform/lib/cortex-m4/soft-float/no-interrupts/libnrf_cc310_platform_0.9.19.a
LOAD /home/hugo/ncs/toolchains/2be090971e/opt/zephyr-sdk/arm-zephyr-eabi/bin/../lib/gcc/../../picolibc/arm-zephyr-eabi/lib/thumb/v7e-m/nofp/libc.a
LOAD /home/hugo/ncs/toolchains/2be090971e/opt/zephyr-sdk/arm-zephyr-eabi/bin/../lib/gcc/arm-zephyr-eabi/12.2.0/thumb/v7e-m/nofp/libgcc.a
                0x0000000000000020                _region_min_align = 0x20

.rel.plt        0x0000000000000000        0x0
 *(SORT_BY_ALIGNMENT(.rel.plt))
                [!provide]                        PROVIDE (__rel_iplt_start = .)
 *(SORT_BY_ALIGNMENT(.rel.iplt))
 .rel.iplt      0x0000000000000000        0x0 zephyr/CMakeFiles/zephyr_final.dir/isr_tables.c.obj
                [!provide]                        PROVIDE (__rel_iplt_end = .)

.rela.plt       0x0000000000000000        0x0
 *(SORT_BY_ALIGNMENT(.rela.plt))
                [!provide]                        PROVIDE (__rela_iplt_start = .)
 *(SORT_BY_ALIGNMENT(.rela.iplt))
                [!provide]                        PROVIDE (__rela_iplt_end = .)

.rel.dyn
 *(SORT_BY_ALIGNMENT(.rel.*))

.rela.dyn
 *(SORT_BY_ALIGNMENT(.rela.*))

/DISCARD/
 *(SORT_BY_ALIGNMENT(.plt))

/DISCARD/
 *(SORT_BY_ALIGNMENT(.iplt))
                0x0000000000000000                __rom_region_start = 0x0

rom_start       0x0000000000000000      0x100
                0x0000000000000000                __rom_start_address = .
 FILL mask 0x00
                0x0000000000000000                . = (. + (0x0 - (. - __rom_start_address)))
                0x0000000000000000                . = ALIGN (0x4)
                0x0000000000000000                . = ALIGN (0x80)
                0x0000000000000000                . = ALIGN (0x100)
                0x0000000000000000                _vector_start = .
 *(SORT_BY_ALIGNMENT(.exc_vector_table))
 *(SORT_BY_ALIGNMENT(.exc_vector_table.*))
 .exc_vector_table._vector_table_section
                0x0000000000000000       0x40 zephyr/arch/arch/arm/core/cortex_m/libarch__arm__core__cortex_m.a(vector_table.S.obj)
                0x0000000000000000                _vector_table
 *(SORT_BY_ALIGNMENT(.vectors))
                0x0000000000000100                _vector_end = .
                0x0000000000000040                . = ALIGN (0x4)
 *(SORT_BY_ALIGNMENT(.gnu.linkonce.irq_vector_table*))
 .gnu.linkonce.irq_vector_table
                0x0000000000000040       0xc0 zephyr/CMakeFiles/zephyr_final.dir/isr_tables.c.obj
                0x0000000000000040                _irq_vector_table
                0x0000000000000100                _vector_end = .

text            0x0000000000000100     0x525c
                0x0000000000000100                __text_region_start = .
 *(SORT_BY_ALIGNMENT(.text))
 *(SORT_BY_ALIGNMENT(.text.*))
 .text.buttonPressed
                0x0000000000000100       0x30 app/libapp.a(main.c.obj)
                0x0000000000000100                buttonPressed
 .text.gpio_pin_set.constprop.0.isra.0
                0x0000000000000130       0x2c app/libapp.a(main.c.obj)
 .text.main     0x000000000000015c       0xe4 app/libapp.a(main.c.obj)
                0x000000000000015c                main
 .text.vM_welcome_message
                0x0000000000000240       0x3c app/libapp.a(main.c.obj)
                0x0000000000000240                vM_welcome_message
 .text.vM_select_product
                0x000000000000027c       0xbc app/libapp.a(main.c.obj)
                0x000000000000027c                vM_select_product
 .text.vM_dispense_product
                0x0000000000000338       0x40 app/libapp.a(main.c.obj)
                0x0000000000000338                vM_dispense_product
 .text.vM_return_credit
                0x0000000000000378       0x40 app/libapp.a(main.c.obj)
                0x0000000000000378                vM_return_credit
 .text.char_out
                0x00000000000003b8        0xc zephyr/libzephyr.a(printk.c.obj)
 .text.__printk_hook_install
                0x00000000000003c4        0xc zephyr/libzephyr.a(printk.c.obj)
                0x00000000000003c4                __printk_hook_install
 .text.vprintk  0x00000000000003d0       0x30 zephyr/libzephyr.a(printk.c.obj)
                0x00000000000003d0                vprintk
 .text.z_thread_entry
                0x0000000000000400       0x34 zephyr/libzephyr.a(thread_entry.c.obj)
                0x0000000000000400                z_thread_entry
 .text.process_event
                0x0000000000000434      0x21c zephyr/libzephyr.a(onoff.c.obj)
 .text.sys_reboot
                0x0000000000000650       0x30 zephyr/libzephyr.a(reboot.c.obj)
                0x0000000000000650                sys_reboot
 .text.mem_attr_get_regions
                0x0000000000000680        0xc zephyr/libzephyr.a(mem_attr.c.obj)
                0x0000000000000680                mem_attr_get_regions
 .text.nrf_cc3xx_platform_abort_init
                0x000000000000068c        0xc zephyr/libzephyr.a(nrf_cc3xx_platform_abort_zephyr.c.obj)
                0x000000000000068c                nrf_cc3xx_platform_abort_init
 .text.mutex_free_platform
                0x0000000000000698       0x54 zephyr/libzephyr.a(nrf_cc3xx_platform_mutex_zephyr.c.obj)
 .text.mutex_lock_platform
                0x00000000000006ec       0x60 zephyr/libzephyr.a(nrf_cc3xx_platform_mutex_zephyr.c.obj)
 .text.mutex_unlock_platform
                0x000000000000074c       0x58 zephyr/libzephyr.a(nrf_cc3xx_platform_mutex_zephyr.c.obj)
 .text.mutex_init_platform
                0x00000000000007a4       0x94 zephyr/libzephyr.a(nrf_cc3xx_platform_mutex_zephyr.c.obj)
 .text.nrf_cc3xx_platform_mutex_init
                0x0000000000000838       0x2c zephyr/libzephyr.a(nrf_cc3xx_platform_mutex_zephyr.c.obj)
                0x0000000000000838                nrf_cc3xx_platform_mutex_init
 .text.z_SysNmiOnReset
                0x0000000000000864        0x8 zephyr/arch/arch/arm/core/libarch__arm__core.a(nmi_on_reset.S.obj)
                0x0000000000000864                z_SysNmiOnReset
 .text.arch_tls_stack_setup
                0x000000000000086c       0x5c zephyr/arch/arch/arm/core/libarch__arm__core.a(tls.c.obj)
                0x000000000000086c                arch_tls_stack_setup
 .text._HandlerModeExit
                0x00000000000008c8       0x1c zephyr/arch/arch/arm/core/cortex_m/libarch__arm__core__cortex_m.a(exc_exit.S.obj)
                0x00000000000008c8                z_arm_exc_exit
                0x00000000000008c8                z_arm_int_exit
 .text.mem_manage_fault
                0x00000000000008e4       0xa0 zephyr/arch/arch/arm/core/cortex_m/libarch__arm__core__cortex_m.a(fault.c.obj)
 .text.usage_fault.constprop.0
                0x0000000000000984       0x54 zephyr/arch/arch/arm/core/cortex_m/libarch__arm__core__cortex_m.a(fault.c.obj)
 .text.bus_fault.constprop.0
                0x00000000000009d8       0x6c zephyr/arch/arch/arm/core/cortex_m/libarch__arm__core__cortex_m.a(fault.c.obj)
 .text.z_arm_fault
                0x0000000000000a44      0x128 zephyr/arch/arch/arm/core/cortex_m/libarch__arm__core__cortex_m.a(fault.c.obj)
                0x0000000000000a44                z_arm_fault
 .text.z_arm_fault_init
                0x0000000000000b6c       0x10 zephyr/arch/arch/arm/core/cortex_m/libarch__arm__core__cortex_m.a(fault.c.obj)
                0x0000000000000b6c                z_arm_fault_init
 .text.__fault  0x0000000000000b7c       0x14 zephyr/arch/arch/arm/core/cortex_m/libarch__arm__core__cortex_m.a(fault_s.S.obj)
                0x0000000000000b7c                z_arm_bus_fault
                0x0000000000000b7c                z_arm_usage_fault
                0x0000000000000b7c                z_arm_mpu_fault
                0x0000000000000b7c                z_arm_exc_spurious
                0x0000000000000b7c                z_arm_debug_monitor
                0x0000000000000b7c                z_arm_hard_fault
 .text._reset_section
                0x0000000000000b90       0x54 zephyr/arch/arch/arm/core/cortex_m/libarch__arm__core__cortex_m.a(reset.S.obj)
                0x0000000000000b90                z_arm_reset
                0x0000000000000b90                __start
 .text.sys_arch_reboot
                0x0000000000000be4       0x24 zephyr/arch/arch/arm/core/cortex_m/libarch__arm__core__cortex_m.a(scb.c.obj)
                0x0000000000000be4                sys_arch_reboot
 .text.z_arm_clear_arm_mpu_config
                0x0000000000000c08       0x24 zephyr/arch/arch/arm/core/cortex_m/libarch__arm__core__cortex_m.a(scb.c.obj)
                0x0000000000000c08                z_arm_clear_arm_mpu_config
 .text.z_arm_init_arch_hw_at_boot
                0x0000000000000c2c       0x64 zephyr/arch/arch/arm/core/cortex_m/libarch__arm__core__cortex_m.a(scb.c.obj)
                0x0000000000000c2c                z_arm_init_arch_hw_at_boot
 .text.z_impl_k_thread_abort
                0x0000000000000c90       0x2c zephyr/arch/arch/arm/core/cortex_m/libarch__arm__core__cortex_m.a(thread_abort.c.obj)
                0x0000000000000c90                z_impl_k_thread_abort
 .text.arch_swap
                0x0000000000000cbc       0x30 zephyr/arch/arch/arm/core/cortex_m/libarch__arm__core__cortex_m.a(swap.c.obj)
                0x0000000000000cbc                arch_swap
 .text.z_arm_pendsv
                0x0000000000000cec       0x64 zephyr/arch/arch/arm/core/cortex_m/libarch__arm__core__cortex_m.a(swap_helper.S.obj)
                0x0000000000000cec                z_arm_pendsv
 .text.z_arm_svc
                0x0000000000000d50       0x20 zephyr/arch/arch/arm/core/cortex_m/libarch__arm__core__cortex_m.a(swap_helper.S.obj)
                0x0000000000000d50                z_arm_svc
 .text.arch_irq_enable
                0x0000000000000d70       0x1c zephyr/arch/arch/arm/core/cortex_m/libarch__arm__core__cortex_m.a(irq_manage.c.obj)
                0x0000000000000d70                arch_irq_enable
 .text.arch_irq_disable
                0x0000000000000d8c       0x28 zephyr/arch/arch/arm/core/cortex_m/libarch__arm__core__cortex_m.a(irq_manage.c.obj)
                0x0000000000000d8c                arch_irq_disable
 .text.arch_irq_is_enabled
                0x0000000000000db4       0x1c zephyr/arch/arch/arm/core/cortex_m/libarch__arm__core__cortex_m.a(irq_manage.c.obj)
                0x0000000000000db4                arch_irq_is_enabled
 .text.z_arm_irq_priority_set
                0x0000000000000dd0       0x30 zephyr/arch/arch/arm/core/cortex_m/libarch__arm__core__cortex_m.a(irq_manage.c.obj)
                0x0000000000000dd0                z_arm_irq_priority_set
 .text.z_arm_prep_c
                0x0000000000000e00       0x38 zephyr/arch/arch/arm/core/cortex_m/libarch__arm__core__cortex_m.a(prep_c.c.obj)
                0x0000000000000e00                z_arm_prep_c
 .text.arch_new_thread
                0x0000000000000e38       0x38 zephyr/arch/arch/arm/core/cortex_m/libarch__arm__core__cortex_m.a(thread.c.obj)
                0x0000000000000e38                arch_new_thread
 .text.z_check_thread_stack_fail
                0x0000000000000e70       0x2c zephyr/arch/arch/arm/core/cortex_m/libarch__arm__core__cortex_m.a(thread.c.obj)
                0x0000000000000e70                z_check_thread_stack_fail
 .text.arch_switch_to_main_thread
                0x0000000000000e9c       0x38 zephyr/arch/arch/arm/core/cortex_m/libarch__arm__core__cortex_m.a(thread.c.obj)
                0x0000000000000e9c                arch_switch_to_main_thread
 .text.z_arm_cpu_idle_init
                0x0000000000000ed4        0xc zephyr/arch/arch/arm/core/cortex_m/libarch__arm__core__cortex_m.a(cpu_idle.S.obj)
                0x0000000000000ed4                z_arm_cpu_idle_init
 .text.arch_cpu_idle
                0x0000000000000ee0       0x1c zephyr/arch/arch/arm/core/cortex_m/libarch__arm__core__cortex_m.a(cpu_idle.S.obj)
                0x0000000000000ee0                arch_cpu_idle
 .text.arch_cpu_atomic_idle
                0x0000000000000efc       0x18 zephyr/arch/arch/arm/core/cortex_m/libarch__arm__core__cortex_m.a(cpu_idle.S.obj)
                0x0000000000000efc                arch_cpu_atomic_idle
 .text.z_arm_interrupt_init
                0x0000000000000f14       0x18 zephyr/arch/arch/arm/core/cortex_m/libarch__arm__core__cortex_m.a(irq_init.c.obj)
                0x0000000000000f14                z_arm_interrupt_init
 .text._isr_wrapper
                0x0000000000000f2c       0x28 zephyr/arch/arch/arm/core/cortex_m/libarch__arm__core__cortex_m.a(isr_wrapper.S.obj)
                0x0000000000000f2c                _isr_wrapper
 .text.z_arm_configure_static_mpu_regions
                0x0000000000000f54       0x18 zephyr/arch/arch/arm/core/mpu/libarch__arm__core__mpu.a(arm_core_mpu.c.obj)
                0x0000000000000f54                z_arm_configure_static_mpu_regions
 .text.z_arm_configure_dynamic_mpu_regions
                0x0000000000000f6c       0x20 zephyr/arch/arch/arm/core/mpu/libarch__arm__core__mpu.a(arm_core_mpu.c.obj)
                0x0000000000000f6c                z_arm_configure_dynamic_mpu_regions
 .text.region_init
                0x0000000000000f8c       0x28 zephyr/arch/arch/arm/core/mpu/libarch__arm__core__mpu.a(arm_mpu.c.obj)
 .text.arm_core_mpu_enable
                0x0000000000000fb4       0x18 zephyr/arch/arch/arm/core/mpu/libarch__arm__core__mpu.a(arm_mpu.c.obj)
                0x0000000000000fb4                arm_core_mpu_enable
 .text.arm_core_mpu_disable
                0x0000000000000fcc       0x14 zephyr/arch/arch/arm/core/mpu/libarch__arm__core__mpu.a(arm_mpu.c.obj)
                0x0000000000000fcc                arm_core_mpu_disable
 .text.arm_core_mpu_configure_static_mpu_regions
                0x0000000000000fe0       0x14 zephyr/arch/arch/arm/core/mpu/libarch__arm__core__mpu.a(arm_mpu.c.obj)
                0x0000000000000fe0                arm_core_mpu_configure_static_mpu_regions
 .text.arm_core_mpu_configure_dynamic_mpu_regions
                0x0000000000000ff4       0x30 zephyr/arch/arch/arm/core/mpu/libarch__arm__core__mpu.a(arm_mpu.c.obj)
                0x0000000000000ff4                arm_core_mpu_configure_dynamic_mpu_regions
 .text.z_arm_mpu_init
                0x0000000000001024      0x124 zephyr/arch/arch/arm/core/mpu/libarch__arm__core__mpu.a(arm_mpu.c.obj)
                0x0000000000001024                z_arm_mpu_init
 .text.z_impl_zephyr_fputc
                0x0000000000001148       0x10 zephyr/lib/libc/picolibc/liblib__libc__picolibc.a(libc-hooks.c.obj)
                0x0000000000001148                z_impl_zephyr_fputc
 .text.__stdout_hook_install
                0x0000000000001158       0x18 zephyr/lib/libc/picolibc/liblib__libc__picolibc.a(libc-hooks.c.obj)
                0x0000000000001158                __stdout_hook_install
 .text.malloc_prepare
                0x0000000000001170       0x24 zephyr/lib/libc/common/liblib__libc__common.a(malloc.c.obj)
 .text.nordicsemi_nrf52_init
                0x0000000000001194       0x44 zephyr/soc/soc/arm/nordic_nrf/libsoc__arm__nordic_nrf.a(soc.c.obj)
 .text.arch_busy_wait
                0x00000000000011d8       0x14 zephyr/soc/soc/arm/nordic_nrf/libsoc__arm__nordic_nrf.a(soc.c.obj)
                0x00000000000011d8                arch_busy_wait
 .text.z_arm_platform_init
                0x00000000000011ec        0x4 zephyr/soc/soc/arm/nordic_nrf/libsoc__arm__nordic_nrf.a(soc_nrf_common.S.obj)
                0x00000000000011ec                z_arm_platform_init
 .text.onoff_stop
                0x00000000000011f0       0x30 zephyr/drivers/clock_control/libdrivers__clock_control.a(clock_control_nrf.c.obj)
 .text.onoff_start
                0x0000000000001220       0x44 zephyr/drivers/clock_control/libdrivers__clock_control.a(clock_control_nrf.c.obj)
 .text.clk_init
                0x0000000000001264       0x58 zephyr/drivers/clock_control/libdrivers__clock_control.a(clock_control_nrf.c.obj)
 .text.clkstarted_handle.constprop.0
                0x00000000000012bc       0x34 zephyr/drivers/clock_control/libdrivers__clock_control.a(clock_control_nrf.c.obj)
 .text.clock_event_handler
                0x00000000000012f0       0x1c zephyr/drivers/clock_control/libdrivers__clock_control.a(clock_control_nrf.c.obj)
 .text.generic_hfclk_start
                0x000000000000130c       0x64 zephyr/drivers/clock_control/libdrivers__clock_control.a(clock_control_nrf.c.obj)
 .text.api_blocking_start
                0x0000000000001370       0x34 zephyr/drivers/clock_control/libdrivers__clock_control.a(clock_control_nrf.c.obj)
 .text.generic_hfclk_stop
                0x00000000000013a4       0x34 zephyr/drivers/clock_control/libdrivers__clock_control.a(clock_control_nrf.c.obj)
 .text.z_nrf_clock_control_lf_on
                0x00000000000013d8       0xfc zephyr/drivers/clock_control/libdrivers__clock_control.a(clock_control_nrf.c.obj)
                0x00000000000013d8                z_nrf_clock_control_lf_on
 .text.uart_console_init
                0x00000000000014d4       0x28 zephyr/drivers/console/libdrivers__console.a(uart_console.c.obj)
 .text.console_out
                0x00000000000014fc       0x28 zephyr/drivers/console/libdrivers__console.a(uart_console.c.obj)
 .text.gpio_nrfx_pin_interrupt_configure
                0x0000000000001524      0x100 zephyr/drivers/gpio/libdrivers__gpio.a(gpio_nrfx.c.obj)
 .text.gpio_nrfx_init
                0x0000000000001624       0x48 zephyr/drivers/gpio/libdrivers__gpio.a(gpio_nrfx.c.obj)
 .text.nrfx_gpio_handler
                0x000000000000166c       0x4c zephyr/drivers/gpio/libdrivers__gpio.a(gpio_nrfx.c.obj)
 .text.gpio_nrfx_pin_configure
                0x00000000000016b8      0x18c zephyr/drivers/gpio/libdrivers__gpio.a(gpio_nrfx.c.obj)
 .text.nrf_gpio_pin_port_decode
                0x0000000000001844       0x20 zephyr/drivers/pinctrl/libdrivers__pinctrl.a(pinctrl_nrf.c.obj)
 .text.pinctrl_configure_pins
                0x0000000000001864      0x1a4 zephyr/drivers/pinctrl/libdrivers__pinctrl.a(pinctrl_nrf.c.obj)
                0x0000000000001864                pinctrl_configure_pins
 .text.uarte_0_init
                0x0000000000001a08      0x258 zephyr/drivers/serial/libdrivers__serial.a(uart_nrfx_uarte.c.obj)
 .text.uarte_nrfx_poll_out
                0x0000000000001c60       0xcc zephyr/drivers/serial/libdrivers__serial.a(uart_nrfx_uarte.c.obj)
 .text.compare_int_lock
                0x0000000000001d2c       0x48 zephyr/drivers/timer/libdrivers__timer.a(nrf_rtc_timer.c.obj)
 .text.sys_clock_timeout_handler
                0x0000000000001d74       0x48 zephyr/drivers/timer/libdrivers__timer.a(nrf_rtc_timer.c.obj)
 .text.compare_int_unlock
                0x0000000000001dbc       0x5c zephyr/drivers/timer/libdrivers__timer.a(nrf_rtc_timer.c.obj)
 .text.z_nrf_rtc_timer_read
                0x0000000000001e18       0x44 zephyr/drivers/timer/libdrivers__timer.a(nrf_rtc_timer.c.obj)
                0x0000000000001e18                z_nrf_rtc_timer_read
 .text.compare_set
                0x0000000000001e5c      0x130 zephyr/drivers/timer/libdrivers__timer.a(nrf_rtc_timer.c.obj)
 .text.sys_clock_driver_init
                0x0000000000001f8c       0x90 zephyr/drivers/timer/libdrivers__timer.a(nrf_rtc_timer.c.obj)
 .text.rtc_nrf_isr
                0x000000000000201c       0xd4 zephyr/drivers/timer/libdrivers__timer.a(nrf_rtc_timer.c.obj)
                0x000000000000201c                rtc_nrf_isr
 .text.sys_clock_set_timeout
                0x00000000000020f0       0x5c zephyr/drivers/timer/libdrivers__timer.a(nrf_rtc_timer.c.obj)
                0x00000000000020f0                sys_clock_set_timeout
 .text.sys_clock_elapsed
                0x000000000000214c       0x14 zephyr/drivers/timer/libdrivers__timer.a(nrf_rtc_timer.c.obj)
                0x000000000000214c                sys_clock_elapsed
 .text.sys_clock_disable
                0x0000000000002160       0x30 zephyr/drivers/timer/libdrivers__timer.a(nrf_rtc_timer.c.obj)
                0x0000000000002160                sys_clock_disable
 .text.nrf52_errata_98
                0x0000000000002190       0x24 modules/hal_nordic/nrfx/libmodules__hal_nordic__nrfx.a(system_nrf52840.c.obj)
 .text.nvmc_wait
                0x00000000000021b4       0x10 modules/hal_nordic/nrfx/libmodules__hal_nordic__nrfx.a(system_nrf52840.c.obj)
                0x00000000000021b4                nvmc_wait
 .text.SystemInit
                0x00000000000021c4      0x1bc modules/hal_nordic/nrfx/libmodules__hal_nordic__nrfx.a(system_nrf52840.c.obj)
                0x00000000000021c4                SystemInit
 .text.nrfx_flag32_alloc
                0x0000000000002380       0x48 modules/hal_nordic/nrfx/libmodules__hal_nordic__nrfx.a(nrfx_flag32_allocator.c.obj)
                0x0000000000002380                nrfx_flag32_alloc
 .text.nrfx_flag32_free
                0x00000000000023c8       0x40 modules/hal_nordic/nrfx/libmodules__hal_nordic__nrfx.a(nrfx_flag32_allocator.c.obj)
                0x00000000000023c8                nrfx_flag32_free
 .text.nrfx_gppi_channels_enable
                0x0000000000002408        0xc modules/hal_nordic/nrfx/libmodules__hal_nordic__nrfx.a(nrfx_gppi_ppi.c.obj)
                0x0000000000002408                nrfx_gppi_channels_enable
 .text.clock_stop
                0x0000000000002414       0xc4 modules/hal_nordic/nrfx/libmodules__hal_nordic__nrfx.a(nrfx_clock.c.obj)
 .text.nrfx_clock_init
                0x00000000000024d8       0x20 modules/hal_nordic/nrfx/libmodules__hal_nordic__nrfx.a(nrfx_clock.c.obj)
                0x00000000000024d8                nrfx_clock_init
 .text.nrfx_clock_enable
                0x00000000000024f8       0x24 modules/hal_nordic/nrfx/libmodules__hal_nordic__nrfx.a(nrfx_clock.c.obj)
                0x00000000000024f8                nrfx_clock_enable
 .text.nrfx_clock_start
                0x000000000000251c       0xa8 modules/hal_nordic/nrfx/libmodules__hal_nordic__nrfx.a(nrfx_clock.c.obj)
                0x000000000000251c                nrfx_clock_start
 .text.nrfx_power_clock_irq_handler
                0x00000000000025c4       0x68 modules/hal_nordic/nrfx/libmodules__hal_nordic__nrfx.a(nrfx_clock.c.obj)
                0x00000000000025c4                nrfx_power_clock_irq_handler
 .text.nrf_gpio_pin_port_decode
                0x000000000000262c       0x20 modules/hal_nordic/nrfx/libmodules__hal_nordic__nrfx.a(nrfx_gpiote.c.obj)
 .text.get_pin_idx
                0x000000000000264c       0x14 modules/hal_nordic/nrfx/libmodules__hal_nordic__nrfx.a(nrfx_gpiote.c.obj)
 .text.call_handler.constprop.0
                0x0000000000002660       0x40 modules/hal_nordic/nrfx/libmodules__hal_nordic__nrfx.a(nrfx_gpiote.c.obj)
 .text.pin_te_get.constprop.0
                0x00000000000026a0       0x18 modules/hal_nordic/nrfx/libmodules__hal_nordic__nrfx.a(nrfx_gpiote.c.obj)
 .text.pin_is_output.constprop.0
                0x00000000000026b8       0x18 modules/hal_nordic/nrfx/libmodules__hal_nordic__nrfx.a(nrfx_gpiote.c.obj)
 .text.pin_in_use_by_te.constprop.0
                0x00000000000026d0       0x18 modules/hal_nordic/nrfx/libmodules__hal_nordic__nrfx.a(nrfx_gpiote.c.obj)
 .text.latch_pending_read_and_check
                0x00000000000026e8       0x40 modules/hal_nordic/nrfx/libmodules__hal_nordic__nrfx.a(nrfx_gpiote.c.obj)
 .text.release_handler.isra.0
                0x0000000000002728       0x58 modules/hal_nordic/nrfx/libmodules__hal_nordic__nrfx.a(nrfx_gpiote.c.obj)
 .text.__nrfy_internal_gpiote_events_process.constprop.0
                0x0000000000002780       0x5c modules/hal_nordic/nrfx/libmodules__hal_nordic__nrfx.a(nrfx_gpiote.c.obj)
 .text.pin_uninit
                0x00000000000027dc       0x80 modules/hal_nordic/nrfx/libmodules__hal_nordic__nrfx.a(nrfx_gpiote.c.obj)
 .text.nrfx_gpiote_input_configure
                0x000000000000285c      0x174 modules/hal_nordic/nrfx/libmodules__hal_nordic__nrfx.a(nrfx_gpiote.c.obj)
                0x000000000000285c                nrfx_gpiote_input_configure
 .text.nrfx_gpiote_output_configure
                0x00000000000029d0       0xfc modules/hal_nordic/nrfx/libmodules__hal_nordic__nrfx.a(nrfx_gpiote.c.obj)
                0x00000000000029d0                nrfx_gpiote_output_configure
 .text.nrfx_gpiote_global_callback_set
                0x0000000000002acc        0xc modules/hal_nordic/nrfx/libmodules__hal_nordic__nrfx.a(nrfx_gpiote.c.obj)
                0x0000000000002acc                nrfx_gpiote_global_callback_set
 .text.nrfx_gpiote_channel_get
                0x0000000000002ad8       0x34 modules/hal_nordic/nrfx/libmodules__hal_nordic__nrfx.a(nrfx_gpiote.c.obj)
                0x0000000000002ad8                nrfx_gpiote_channel_get
 .text.nrfx_gpiote_init
                0x0000000000002b0c       0x70 modules/hal_nordic/nrfx/libmodules__hal_nordic__nrfx.a(nrfx_gpiote.c.obj)
                0x0000000000002b0c                nrfx_gpiote_init
 .text.nrfx_gpiote_init_check
                0x0000000000002b7c       0x14 modules/hal_nordic/nrfx/libmodules__hal_nordic__nrfx.a(nrfx_gpiote.c.obj)
                0x0000000000002b7c                nrfx_gpiote_init_check
 .text.nrfx_gpiote_channel_free
                0x0000000000002b90        0xc modules/hal_nordic/nrfx/libmodules__hal_nordic__nrfx.a(nrfx_gpiote.c.obj)
                0x0000000000002b90                nrfx_gpiote_channel_free
 .text.nrfx_gpiote_channel_alloc
                0x0000000000002b9c        0xc modules/hal_nordic/nrfx/libmodules__hal_nordic__nrfx.a(nrfx_gpiote.c.obj)
                0x0000000000002b9c                nrfx_gpiote_channel_alloc
 .text.nrfx_gpiote_trigger_enable
                0x0000000000002ba8       0x9c modules/hal_nordic/nrfx/libmodules__hal_nordic__nrfx.a(nrfx_gpiote.c.obj)
                0x0000000000002ba8                nrfx_gpiote_trigger_enable
 .text.nrfx_gpiote_0_irq_handler
                0x0000000000002c44      0x1bc modules/hal_nordic/nrfx/libmodules__hal_nordic__nrfx.a(nrfx_gpiote.c.obj)
                0x0000000000002c44                nrfx_gpiote_0_irq_handler
 .text.nrfx_ppi_channel_alloc
                0x0000000000002e00        0xc modules/hal_nordic/nrfx/libmodules__hal_nordic__nrfx.a(nrfx_ppi.c.obj)
                0x0000000000002e00                nrfx_ppi_channel_alloc
 .text._DoInit  0x0000000000002e0c       0x68 modules/segger/libmodules__segger.a(SEGGER_RTT.c.obj)
 .text.z_fatal_error
                0x0000000000002e74       0x30 zephyr/kernel/libkernel.a(fatal.c.obj)
                0x0000000000002e74                z_fatal_error
 .text.z_sys_init_run_level
                0x0000000000002ea4       0x48 zephyr/kernel/libkernel.a(init.c.obj)
 .text.bg_thread_main
                0x0000000000002eec       0x34 zephyr/kernel/libkernel.a(init.c.obj)
 .text.z_bss_zero
                0x0000000000002f20       0x18 zephyr/kernel/libkernel.a(init.c.obj)
                0x0000000000002f20                z_bss_zero
 .text.z_init_cpu
                0x0000000000002f38       0x8c zephyr/kernel/libkernel.a(init.c.obj)
                0x0000000000002f38                z_init_cpu
 .text.z_cstart
                0x0000000000002fc4       0xdc zephyr/kernel/libkernel.a(init.c.obj)
                0x0000000000002fc4                z_cstart
 .text.init_mem_slab_obj_core_list
                0x00000000000030a0       0x24 zephyr/kernel/libkernel.a(mem_slab.c.obj)
 .text.k_mem_slab_alloc
                0x00000000000030c4       0x5c zephyr/kernel/libkernel.a(mem_slab.c.obj)
                0x00000000000030c4                k_mem_slab_alloc
 .text.z_setup_new_thread
                0x0000000000003120       0x80 zephyr/kernel/libkernel.a(thread.c.obj)
                0x0000000000003120                z_setup_new_thread
 .text.z_init_static_threads
                0x00000000000031a0       0x98 zephyr/kernel/libkernel.a(thread.c.obj)
                0x00000000000031a0                z_init_static_threads
 .text.z_impl_k_mutex_unlock
                0x0000000000003238       0x78 zephyr/kernel/libkernel.a(mutex.c.obj)
                0x0000000000003238                z_impl_k_mutex_unlock
 .text.z_impl_k_mutex_lock
                0x00000000000032b0       0xf4 zephyr/kernel/libkernel.a(mutex.c.obj)
                0x00000000000032b0                z_impl_k_mutex_lock
 .text.z_impl_k_sem_give
                0x00000000000033a4       0x48 zephyr/kernel/libkernel.a(sem.c.obj)
                0x00000000000033a4                z_impl_k_sem_give
 .text.z_impl_k_sem_take
                0x00000000000033ec       0x50 zephyr/kernel/libkernel.a(sem.c.obj)
                0x00000000000033ec                z_impl_k_sem_take
 .text.sliceable
                0x000000000000343c       0x3c zephyr/kernel/libkernel.a(sched.c.obj)
 .text.slice_timeout
                0x0000000000003478       0x20 zephyr/kernel/libkernel.a(sched.c.obj)
 .text.z_reset_time_slice
                0x0000000000003498       0x50 zephyr/kernel/libkernel.a(sched.c.obj)
                0x0000000000003498                z_reset_time_slice
 .text.update_cache
                0x00000000000034e8       0x3c zephyr/kernel/libkernel.a(sched.c.obj)
 .text.move_thread_to_end_of_prio_q
                0x0000000000003524       0x74 zephyr/kernel/libkernel.a(sched.c.obj)
 .text.ready_thread
                0x0000000000003598       0x68 zephyr/kernel/libkernel.a(sched.c.obj)
 .text.unready_thread
                0x0000000000003600       0x30 zephyr/kernel/libkernel.a(sched.c.obj)
 .text.pend_locked
                0x0000000000003630       0x30 zephyr/kernel/libkernel.a(sched.c.obj)
 .text.z_thread_halt
                0x0000000000003660       0xa0 zephyr/kernel/libkernel.a(sched.c.obj)
 .text.z_time_slice
                0x0000000000003700       0x60 zephyr/kernel/libkernel.a(sched.c.obj)
                0x0000000000003700                z_time_slice
 .text.z_pend_curr
                0x0000000000003760       0x3c zephyr/kernel/libkernel.a(sched.c.obj)
                0x0000000000003760                z_pend_curr
 .text.z_set_prio
                0x000000000000379c       0x8c zephyr/kernel/libkernel.a(sched.c.obj)
                0x000000000000379c                z_set_prio
 .text.z_reschedule
                0x0000000000003828       0x24 zephyr/kernel/libkernel.a(sched.c.obj)
                0x0000000000003828                z_reschedule
 .text.z_sched_start
                0x000000000000384c       0x3c zephyr/kernel/libkernel.a(sched.c.obj)
                0x000000000000384c                z_sched_start
 .text.k_sched_lock
                0x0000000000003888       0x28 zephyr/kernel/libkernel.a(sched.c.obj)
                0x0000000000003888                k_sched_lock
 .text.k_sched_unlock
                0x00000000000038b0       0x38 zephyr/kernel/libkernel.a(sched.c.obj)
                0x00000000000038b0                k_sched_unlock
 .text.z_sched_init
                0x00000000000038e8       0x10 zephyr/kernel/libkernel.a(sched.c.obj)
                0x00000000000038e8                z_sched_init
 .text.z_impl_k_yield
                0x00000000000038f8       0x7c zephyr/kernel/libkernel.a(sched.c.obj)
                0x00000000000038f8                z_impl_k_yield
 .text.z_tick_sleep
                0x0000000000003974       0x88 zephyr/kernel/libkernel.a(sched.c.obj)
 .text.z_impl_k_sleep
                0x00000000000039fc       0x34 zephyr/kernel/libkernel.a(sched.c.obj)
                0x00000000000039fc                z_impl_k_sleep
 .text.z_impl_k_sched_current_thread_query
                0x0000000000003a30        0xc zephyr/kernel/libkernel.a(sched.c.obj)
                0x0000000000003a30                z_impl_k_sched_current_thread_query
 .text.z_data_copy
                0x0000000000003a3c       0x34 zephyr/kernel/libkernel.a(xip.c.obj)
                0x0000000000003a3c                z_data_copy
 .text.elapsed  0x0000000000003a70       0x14 zephyr/kernel/libkernel.a(timeout.c.obj)
 .text.next_timeout
                0x0000000000003a84       0x40 zephyr/kernel/libkernel.a(timeout.c.obj)
 .text.remove_timeout
                0x0000000000003ac4       0x38 zephyr/kernel/libkernel.a(timeout.c.obj)
 .text.z_add_timeout
                0x0000000000003afc       0xec zephyr/kernel/libkernel.a(timeout.c.obj)
                0x0000000000003afc                z_add_timeout
 .text.sys_clock_announce
                0x0000000000003be8       0xd4 zephyr/kernel/libkernel.a(timeout.c.obj)
                0x0000000000003be8                sys_clock_announce
 .text.sys_clock_tick_get
                0x0000000000003cbc       0x34 zephyr/kernel/libkernel.a(timeout.c.obj)
                0x0000000000003cbc                sys_clock_tick_get
 .text.boot_banner
                0x0000000000003cf0        0xc zephyr/kernel/libkernel.a(banner.c.obj)
                0x0000000000003cf0                boot_banner
 .text.nrf_cc3xx_platform_init_no_rng
                0x0000000000003cfc       0x38 /home/hugo/ncs/v2.6.1/nrfxlib/crypto/nrf_cc310_platform/lib/cortex-m4/soft-float/no-interrupts/libnrf_cc310_platform_0.9.19.a(nrf_cc3xx_platform.c.obj)
                0x0000000000003cfc                nrf_cc3xx_platform_init_no_rng
 .text.nrf_cc3xx_platform_abort
                0x0000000000003d34       0x24 /home/hugo/ncs/v2.6.1/nrfxlib/crypto/nrf_cc310_platform/lib/cortex-m4/soft-float/no-interrupts/libnrf_cc310_platform_0.9.19.a(nrf_cc3xx_platform_abort.c.obj)
 .text.CC_PalAbort
                0x0000000000003d58       0x34 /home/hugo/ncs/v2.6.1/nrfxlib/crypto/nrf_cc310_platform/lib/cortex-m4/soft-float/no-interrupts/libnrf_cc310_platform_0.9.19.a(nrf_cc3xx_platform_abort.c.obj)
                0x0000000000003d58                CC_PalAbort
 .text.nrf_cc3xx_platform_set_abort
                0x0000000000003d8c       0x10 /home/hugo/ncs/v2.6.1/nrfxlib/crypto/nrf_cc310_platform/lib/cortex-m4/soft-float/no-interrupts/libnrf_cc310_platform_0.9.19.a(nrf_cc3xx_platform_abort.c.obj)
                0x0000000000003d8c                nrf_cc3xx_platform_set_abort
 .text.mutex_free
                0x0000000000003d9c       0x34 /home/hugo/ncs/v2.6.1/nrfxlib/crypto/nrf_cc310_platform/lib/cortex-m4/soft-float/no-interrupts/libnrf_cc310_platform_0.9.19.a(nrf_cc3xx_platform_mutex.c.obj)
 .text.mutex_lock
                0x0000000000003dd0       0x48 /home/hugo/ncs/v2.6.1/nrfxlib/crypto/nrf_cc310_platform/lib/cortex-m4/soft-float/no-interrupts/libnrf_cc310_platform_0.9.19.a(nrf_cc3xx_platform_mutex.c.obj)
 .text.mutex_unlock
                0x0000000000003e18       0x38 /home/hugo/ncs/v2.6.1/nrfxlib/crypto/nrf_cc310_platform/lib/cortex-m4/soft-float/no-interrupts/libnrf_cc310_platform_0.9.19.a(nrf_cc3xx_platform_mutex.c.obj)
 .text.mutex_init
                0x0000000000003e50       0x20 /home/hugo/ncs/v2.6.1/nrfxlib/crypto/nrf_cc310_platform/lib/cortex-m4/soft-float/no-interrupts/libnrf_cc310_platform_0.9.19.a(nrf_cc3xx_platform_mutex.c.obj)
 .text.nrf_cc3xx_platform_set_mutexes
                0x0000000000003e70       0x74 /home/hugo/ncs/v2.6.1/nrfxlib/crypto/nrf_cc310_platform/lib/cortex-m4/soft-float/no-interrupts/libnrf_cc310_platform_0.9.19.a(nrf_cc3xx_platform_mutex.c.obj)
                0x0000000000003e70                nrf_cc3xx_platform_set_mutexes
 .text.CC_LibInitNoRng
                0x0000000000003ee4       0x64 /home/hugo/ncs/v2.6.1/nrfxlib/crypto/nrf_cc310_platform/lib/cortex-m4/soft-float/no-interrupts/libnrf_cc310_platform_0.9.19.a(cc_lib.c.obj)
                0x0000000000003ee4                CC_LibInitNoRng
 .text.CC_HalInit
                0x0000000000003f48        0x4 /home/hugo/ncs/v2.6.1/nrfxlib/crypto/nrf_cc310_platform/lib/cortex-m4/soft-float/no-interrupts/libnrf_cc310_platform_0.9.19.a(cc_hal.c.obj)
                0x0000000000003f48                CC_HalInit
 .text.CC_HalTerminate
                0x0000000000003f4c        0x4 /home/hugo/ncs/v2.6.1/nrfxlib/crypto/nrf_cc310_platform/lib/cortex-m4/soft-float/no-interrupts/libnrf_cc310_platform_0.9.19.a(cc_hal.c.obj)
                0x0000000000003f4c                CC_HalTerminate
 .text.CC_HalMaskInterrupt
                0x0000000000003f50        0xc /home/hugo/ncs/v2.6.1/nrfxlib/crypto/nrf_cc310_platform/lib/cortex-m4/soft-float/no-interrupts/libnrf_cc310_platform_0.9.19.a(cc_hal.c.obj)
                0x0000000000003f50                CC_HalMaskInterrupt
 .text.CC_PalInit
                0x0000000000003f5c       0x5c /home/hugo/ncs/v2.6.1/nrfxlib/crypto/nrf_cc310_platform/lib/cortex-m4/soft-float/no-interrupts/libnrf_cc310_platform_0.9.19.a(cc_pal.c.obj)
                0x0000000000003f5c                CC_PalInit
 .text.CC_PalTerminate
                0x0000000000003fb8       0x34 /home/hugo/ncs/v2.6.1/nrfxlib/crypto/nrf_cc310_platform/lib/cortex-m4/soft-float/no-interrupts/libnrf_cc310_platform_0.9.19.a(cc_pal.c.obj)
                0x0000000000003fb8                CC_PalTerminate
 .text.CC_PalDmaInit
                0x0000000000003fec        0x4 /home/hugo/ncs/v2.6.1/nrfxlib/crypto/nrf_cc310_platform/lib/cortex-m4/soft-float/no-interrupts/libnrf_cc310_platform_0.9.19.a(cc_pal_dma.c.obj)
                0x0000000000003fec                CC_PalDmaInit
 .text.CC_PalDmaTerminate
                0x0000000000003ff0        0x4 /home/hugo/ncs/v2.6.1/nrfxlib/crypto/nrf_cc310_platform/lib/cortex-m4/soft-float/no-interrupts/libnrf_cc310_platform_0.9.19.a(cc_pal_dma.c.obj)
                0x0000000000003ff0                CC_PalDmaTerminate
 .text.CC_PalMutexCreate
                0x0000000000003ff4       0x14 /home/hugo/ncs/v2.6.1/nrfxlib/crypto/nrf_cc310_platform/lib/cortex-m4/soft-float/no-interrupts/libnrf_cc310_platform_0.9.19.a(cc_pal_mutex.c.obj)
                0x0000000000003ff4                CC_PalMutexCreate
 .text.CC_PalMutexDestroy
                0x0000000000004008       0x14 /home/hugo/ncs/v2.6.1/nrfxlib/crypto/nrf_cc310_platform/lib/cortex-m4/soft-float/no-interrupts/libnrf_cc310_platform_0.9.19.a(cc_pal_mutex.c.obj)
                0x0000000000004008                CC_PalMutexDestroy
 .text.CC_PalPowerSaveModeInit
                0x000000000000401c       0x3c /home/hugo/ncs/v2.6.1/nrfxlib/crypto/nrf_cc310_platform/lib/cortex-m4/soft-float/no-interrupts/libnrf_cc310_platform_0.9.19.a(cc_pal_pm.c.obj)
                0x000000000000401c                CC_PalPowerSaveModeInit
 .text.CC_PalPowerSaveModeSelect
                0x0000000000004058       0x84 /home/hugo/ncs/v2.6.1/nrfxlib/crypto/nrf_cc310_platform/lib/cortex-m4/soft-float/no-interrupts/libnrf_cc310_platform_0.9.19.a(cc_pal_pm.c.obj)
                0x0000000000004058                CC_PalPowerSaveModeSelect
 .text.printf   0x00000000000040dc       0x24 /home/hugo/ncs/toolchains/2be090971e/opt/zephyr-sdk/arm-zephyr-eabi/bin/../lib/gcc/../../picolibc/arm-zephyr-eabi/lib/thumb/v7e-m/nofp/libc.a(libc_tinystdio_printf.c.o)
                0x00000000000040dc                printf
 .text.__l_vfprintf
                0x0000000000004100      0x4b8 /home/hugo/ncs/toolchains/2be090971e/opt/zephyr-sdk/arm-zephyr-eabi/bin/../lib/gcc/../../picolibc/arm-zephyr-eabi/lib/thumb/v7e-m/nofp/libc.a(libc_tinystdio_vflprintf.c.o)
                0x0000000000004100                __l_vfprintf
 .text._OffsetAbsSyms
                0x00000000000045b8        0x2 zephyr/CMakeFiles/offsets.dir/./arch/arm/core/offsets/offsets.c.obj
                0x00000000000045b8                _OffsetAbsSyms
 .text.gpio_pin_configure_dt
                0x00000000000045ba       0x3e app/libapp.a(main.c.obj)
 .text.enseq_main_region_product_browse_default.constprop.0
                0x00000000000045f8       0x2e app/libapp.a(VM.c.obj)
 .text.vM_dispatch_next_event
                0x0000000000004626       0x4c app/libapp.a(VM.c.obj)
 .text.vM_add_event_to_queue
                0x0000000000004672       0x26 app/libapp.a(VM.c.obj)
 .text.run_cycle
                0x0000000000004698       0xd4 app/libapp.a(VM.c.obj)
 .text.vM_init  0x000000000000476c       0x20 app/libapp.a(VM.c.obj)
                0x000000000000476c                vM_init
 .text.vM_enter
                0x000000000000478c       0x1a app/libapp.a(VM.c.obj)
                0x000000000000478c                vM_enter
 .text.vM_but_raise_coin1
                0x00000000000047a6       0x16 app/libapp.a(VM.c.obj)
                0x00000000000047a6                vM_but_raise_coin1
 .text.vM_but_raise_coin2
                0x00000000000047bc       0x16 app/libapp.a(VM.c.obj)
                0x00000000000047bc                vM_but_raise_coin2
 .text.vM_but_raise_browse
                0x00000000000047d2       0x16 app/libapp.a(VM.c.obj)
                0x00000000000047d2                vM_but_raise_browse
 .text.vM_but_raise_enter
                0x00000000000047e8       0x16 app/libapp.a(VM.c.obj)
                0x00000000000047e8                vM_but_raise_enter
 .text.arch_printk_char_out
                0x00000000000047fe        0x4 zephyr/libzephyr.a(printk.c.obj)
                0x00000000000047fe                arch_printk_char_out
 .text.printk   0x0000000000004802       0x1a zephyr/libzephyr.a(printk.c.obj)
                0x0000000000004802                printk
 .text.chunk_size
                0x000000000000481c        0xa zephyr/libzephyr.a(heap.c.obj)
 .text.free_list_add
                0x0000000000004826       0x4e zephyr/libzephyr.a(heap.c.obj)
 .text.sys_heap_init
                0x0000000000004874       0x7a zephyr/libzephyr.a(heap.c.obj)
                0x0000000000004874                sys_heap_init
 .text.process_recheck
                0x00000000000048ee       0x38 zephyr/libzephyr.a(onoff.c.obj)
 .text.validate_args
                0x0000000000004926       0x20 zephyr/libzephyr.a(onoff.c.obj)
 .text.notify_one
                0x0000000000004946       0x2c zephyr/libzephyr.a(onoff.c.obj)
 .text.transition_complete
                0x0000000000004972       0x1c zephyr/libzephyr.a(onoff.c.obj)
 .text.onoff_manager_init
                0x000000000000498e       0x26 zephyr/libzephyr.a(onoff.c.obj)
                0x000000000000498e                onoff_manager_init
 .text.onoff_request
                0x00000000000049b4       0xb0 zephyr/libzephyr.a(onoff.c.obj)
                0x00000000000049b4                onoff_request
 .text.sys_notify_validate
                0x0000000000004a64       0x22 zephyr/libzephyr.a(notify.c.obj)
                0x0000000000004a64                sys_notify_validate
 .text.sys_notify_finalize
                0x0000000000004a86       0x1a zephyr/libzephyr.a(notify.c.obj)
                0x0000000000004a86                sys_notify_finalize
 .text._ConfigAbsSyms
                0x0000000000004aa0        0x2 zephyr/libzephyr.a(configs.c.obj)
                0x0000000000004aa0                _ConfigAbsSyms
 .text.abort_function
                0x0000000000004aa2        0x8 zephyr/libzephyr.a(nrf_cc3xx_platform_abort_zephyr.c.obj)
 .text.z_arm_fatal_error
                0x0000000000004aaa        0x4 zephyr/arch/arch/arm/core/libarch__arm__core.a(fatal.c.obj)
                0x0000000000004aaa                z_arm_fatal_error
 .text.z_do_kernel_oops
                0x0000000000004aae        0x8 zephyr/arch/arch/arm/core/libarch__arm__core.a(fatal.c.obj)
                0x0000000000004aae                z_do_kernel_oops
 .text.z_arm_nmi
                0x0000000000004ab6        0xe zephyr/arch/arch/arm/core/libarch__arm__core.a(nmi.c.obj)
                0x0000000000004ab6                z_arm_nmi
 .text.z_irq_spurious
                0x0000000000004ac4        0x8 zephyr/arch/arch/arm/core/cortex_m/libarch__arm__core__cortex_m.a(irq_manage.c.obj)
                0x0000000000004ac4                z_irq_spurious
 .text.size_to_mpu_rasr_size
                0x0000000000004acc       0x20 zephyr/arch/arch/arm/core/mpu/libarch__arm__core__mpu.a(arm_mpu.c.obj)
 .text.mpu_configure_regions
                0x0000000000004aec       0x5c zephyr/arch/arch/arm/core/mpu/libarch__arm__core__mpu.a(arm_mpu.c.obj)
 .text.picolibc_put
                0x0000000000004b48        0xa zephyr/lib/libc/picolibc/liblib__libc__picolibc.a(libc-hooks.c.obj)
 .text.get_status
                0x0000000000004b52       0x12 zephyr/drivers/clock_control/libdrivers__clock_control.a(clock_control_nrf.c.obj)
 .text.set_on_state
                0x0000000000004b64       0x26 zephyr/drivers/clock_control/libdrivers__clock_control.a(clock_control_nrf.c.obj)
 .text.stop     0x0000000000004b8a       0x54 zephyr/drivers/clock_control/libdrivers__clock_control.a(clock_control_nrf.c.obj)
 .text.api_stop
                0x0000000000004bde        0x6 zephyr/drivers/clock_control/libdrivers__clock_control.a(clock_control_nrf.c.obj)
 .text.async_start
                0x0000000000004be4       0x5e zephyr/drivers/clock_control/libdrivers__clock_control.a(clock_control_nrf.c.obj)
 .text.api_start
                0x0000000000004c42        0xe zephyr/drivers/clock_control/libdrivers__clock_control.a(clock_control_nrf.c.obj)
 .text.onoff_started_callback
                0x0000000000004c50       0x12 zephyr/drivers/clock_control/libdrivers__clock_control.a(clock_control_nrf.c.obj)
 .text.lfclk_start
                0x0000000000004c62        0x6 zephyr/drivers/clock_control/libdrivers__clock_control.a(clock_control_nrf.c.obj)
 .text.lfclk_stop
                0x0000000000004c68        0x6 zephyr/drivers/clock_control/libdrivers__clock_control.a(clock_control_nrf.c.obj)
 .text.blocking_start_callback
                0x0000000000004c6e        0x6 zephyr/drivers/clock_control/libdrivers__clock_control.a(clock_control_nrf.c.obj)
 .text.gpio_nrfx_port_get_raw
                0x0000000000004c74        0xe zephyr/drivers/gpio/libdrivers__gpio.a(gpio_nrfx.c.obj)
 .text.gpio_nrfx_port_set_masked_raw
                0x0000000000004c82       0x18 zephyr/drivers/gpio/libdrivers__gpio.a(gpio_nrfx.c.obj)
 .text.gpio_nrfx_port_set_bits_raw
                0x0000000000004c9a        0xc zephyr/drivers/gpio/libdrivers__gpio.a(gpio_nrfx.c.obj)
 .text.gpio_nrfx_port_clear_bits_raw
                0x0000000000004ca6        0xc zephyr/drivers/gpio/libdrivers__gpio.a(gpio_nrfx.c.obj)
 .text.gpio_nrfx_port_toggle_bits
                0x0000000000004cb2       0x1a zephyr/drivers/gpio/libdrivers__gpio.a(gpio_nrfx.c.obj)
 .text.gpio_nrfx_manage_callback
                0x0000000000004ccc       0x52 zephyr/drivers/gpio/libdrivers__gpio.a(gpio_nrfx.c.obj)
 .text.pinctrl_lookup_state
                0x0000000000004d1e       0x26 zephyr/drivers/pinctrl/libdrivers__pinctrl.a(common.c.obj)
                0x0000000000004d1e                pinctrl_lookup_state
 .text.uarte_nrfx_err_check
                0x0000000000004d44        0xe zephyr/drivers/serial/libdrivers__serial.a(uart_nrfx_uarte.c.obj)
 .text.uarte_nrfx_poll_in
                0x0000000000004d52       0x28 zephyr/drivers/serial/libdrivers__serial.a(uart_nrfx_uarte.c.obj)
 .text.is_tx_ready.isra.0
                0x0000000000004d7a       0x20 zephyr/drivers/serial/libdrivers__serial.a(uart_nrfx_uarte.c.obj)
 .text.uarte_nrfx_isr_int
                0x0000000000004d9a       0x72 zephyr/drivers/serial/libdrivers__serial.a(uart_nrfx_uarte.c.obj)
 .text.event_clear
                0x0000000000004e0c       0x18 zephyr/drivers/timer/libdrivers__timer.a(nrf_rtc_timer.c.obj)
 .text.k_sys_fatal_error_handler
                0x0000000000004e24        0x8 modules/nrf/lib/fatal_error/lib..__nrf__lib__fatal_error.a(fatal_error.c.obj)
                0x0000000000004e24                k_sys_fatal_error_handler
 .text.hw_cc3xx_init_internal
                0x0000000000004e2c        0x4 modules/nrf/drivers/hw_cc3xx/lib..__nrf__drivers__hw_cc3xx.a(hw_cc3xx.c.obj)
 .text.hw_cc3xx_init
                0x0000000000004e30       0x12 modules/nrf/drivers/hw_cc3xx/lib..__nrf__drivers__hw_cc3xx.a(hw_cc3xx.c.obj)
 .text.nrfx_isr
                0x0000000000004e42        0x2 modules/hal_nordic/nrfx/libmodules__hal_nordic__nrfx.a(nrfx_glue.c.obj)
                0x0000000000004e42                nrfx_isr
 .text.nrfx_busy_wait
                0x0000000000004e44        0x4 modules/hal_nordic/nrfx/libmodules__hal_nordic__nrfx.a(nrfx_glue.c.obj)
                0x0000000000004e44                nrfx_busy_wait
 .text.nrfx_gppi_channel_endpoints_setup
                0x0000000000004e48       0x14 modules/hal_nordic/nrfx/libmodules__hal_nordic__nrfx.a(nrfx_gppi_ppi.c.obj)
                0x0000000000004e48                nrfx_gppi_channel_endpoints_setup
 .text.nrfx_clock_stop
                0x0000000000004e5c        0x4 modules/hal_nordic/nrfx/libmodules__hal_nordic__nrfx.a(nrfx_clock.c.obj)
                0x0000000000004e5c                nrfx_clock_stop
 .text.nrf_gpio_reconfigure
                0x0000000000004e60       0x92 modules/hal_nordic/nrfx/libmodules__hal_nordic__nrfx.a(nrfx_gpiote.c.obj)
 .text.nrf_gpio_cfg_sense_set
                0x0000000000004ef2       0x1e modules/hal_nordic/nrfx/libmodules__hal_nordic__nrfx.a(nrfx_gpiote.c.obj)
 .text.pin_trigger_disable
                0x0000000000004f10       0x48 modules/hal_nordic/nrfx/libmodules__hal_nordic__nrfx.a(nrfx_gpiote.c.obj)
 .text.nrfx_gpiote_pin_uninit
                0x0000000000004f58        0x4 modules/hal_nordic/nrfx/libmodules__hal_nordic__nrfx.a(nrfx_gpiote.c.obj)
                0x0000000000004f58                nrfx_gpiote_pin_uninit
 .text.nrfx_gpiote_trigger_disable
                0x0000000000004f5c        0x4 modules/hal_nordic/nrfx/libmodules__hal_nordic__nrfx.a(nrfx_gpiote.c.obj)
                0x0000000000004f5c                nrfx_gpiote_trigger_disable
 .text.SEGGER_RTT_Init
                0x0000000000004f60        0x4 modules/segger/libmodules__segger.a(SEGGER_RTT.c.obj)
                0x0000000000004f60                SEGGER_RTT_Init
 .text.rtt_init
                0x0000000000004f64        0xa modules/segger/libmodules__segger.a(SEGGER_RTT_zephyr.c.obj)
 .text.z_impl_k_busy_wait
                0x0000000000004f6e        0x8 zephyr/kernel/libkernel.a(busy_wait.c.obj)
                0x0000000000004f6e                z_impl_k_busy_wait
 .text.z_device_state_init
                0x0000000000004f76        0x2 zephyr/kernel/libkernel.a(device.c.obj)
                0x0000000000004f76                z_device_state_init
 .text.z_device_is_ready
                0x0000000000004f78       0x16 zephyr/kernel/libkernel.a(device.c.obj)
                0x0000000000004f78                z_device_is_ready
 .text.z_early_memset
                0x0000000000004f8e        0x4 zephyr/kernel/libkernel.a(init.c.obj)
                0x0000000000004f8e                z_early_memset
 .text.z_early_memcpy
                0x0000000000004f92        0x4 zephyr/kernel/libkernel.a(init.c.obj)
                0x0000000000004f92                z_early_memcpy
 .text.create_free_list
                0x0000000000004f96       0x2c zephyr/kernel/libkernel.a(mem_slab.c.obj)
 .text.k_mem_slab_init
                0x0000000000004fc2       0x1c zephyr/kernel/libkernel.a(mem_slab.c.obj)
                0x0000000000004fc2                k_mem_slab_init
 .text.k_mem_slab_free
                0x0000000000004fde       0x4c zephyr/kernel/libkernel.a(mem_slab.c.obj)
                0x0000000000004fde                k_mem_slab_free
 .text.k_is_in_isr
                0x000000000000502a        0xc zephyr/kernel/libkernel.a(thread.c.obj)
                0x000000000000502a                k_is_in_isr
 .text.idle     0x0000000000005036       0x18 zephyr/kernel/libkernel.a(idle.c.obj)
                0x0000000000005036                idle
 .text.adjust_owner_prio.isra.0
                0x000000000000504e       0x10 zephyr/kernel/libkernel.a(mutex.c.obj)
 .text.z_impl_k_mutex_init
                0x000000000000505e        0xe zephyr/kernel/libkernel.a(mutex.c.obj)
                0x000000000000505e                z_impl_k_mutex_init
 .text.sys_dlist_remove
                0x000000000000506c       0x10 zephyr/kernel/libkernel.a(sched.c.obj)
 .text.unpend_thread_no_timeout
                0x000000000000507c       0x14 zephyr/kernel/libkernel.a(sched.c.obj)
 .text.add_to_waitq_locked
                0x0000000000005090       0x50 zephyr/kernel/libkernel.a(sched.c.obj)
 .text.z_ready_thread
                0x00000000000050e0       0x20 zephyr/kernel/libkernel.a(sched.c.obj)
                0x00000000000050e0                z_ready_thread
 .text.z_impl_k_thread_suspend
                0x0000000000005100       0x36 zephyr/kernel/libkernel.a(sched.c.obj)
                0x0000000000005100                z_impl_k_thread_suspend
 .text.z_sched_wake_thread
                0x0000000000005136       0x44 zephyr/kernel/libkernel.a(sched.c.obj)
                0x0000000000005136                z_sched_wake_thread
 .text.z_thread_timeout
                0x000000000000517a        0x8 zephyr/kernel/libkernel.a(sched.c.obj)
                0x000000000000517a                z_thread_timeout
 .text.z_unpend_first_thread
                0x0000000000005182       0x38 zephyr/kernel/libkernel.a(sched.c.obj)
                0x0000000000005182                z_unpend_first_thread
 .text.z_reschedule_irqlock
                0x00000000000051ba       0x18 zephyr/kernel/libkernel.a(sched.c.obj)
                0x00000000000051ba                z_reschedule_irqlock
 .text.z_reschedule_unlocked
                0x00000000000051d2       0x14 zephyr/kernel/libkernel.a(sched.c.obj)
 .text.z_thread_abort
                0x00000000000051e6       0x42 zephyr/kernel/libkernel.a(sched.c.obj)
                0x00000000000051e6                z_thread_abort
 .text.z_abort_timeout
                0x0000000000005228       0x2c zephyr/kernel/libkernel.a(timeout.c.obj)
                0x0000000000005228                z_abort_timeout
 .text.sys_clock_tick_get_32
                0x0000000000005254        0x8 zephyr/kernel/libkernel.a(timeout.c.obj)
                0x0000000000005254                sys_clock_tick_get_32
 .text.strnlen  0x000000000000525c       0x18 /home/hugo/ncs/toolchains/2be090971e/opt/zephyr-sdk/arm-zephyr-eabi/bin/../lib/gcc/../../picolibc/arm-zephyr-eabi/lib/thumb/v7e-m/nofp/libc.a(libc_string_strnlen.c.o)
                0x000000000000525c                strnlen
 .text.__ultoa_invert
                0x0000000000005274       0xae /home/hugo/ncs/toolchains/2be090971e/opt/zephyr-sdk/arm-zephyr-eabi/bin/../lib/gcc/../../picolibc/arm-zephyr-eabi/lib/thumb/v7e-m/nofp/libc.a(libc_tinystdio_vflprintf.c.o)
 .text.memcpy   0x0000000000005322       0x1c /home/hugo/ncs/toolchains/2be090971e/opt/zephyr-sdk/arm-zephyr-eabi/bin/../lib/gcc/../../picolibc/arm-zephyr-eabi/lib/thumb/v7e-m/nofp/libc.a(memcpy.c.o)
                0x0000000000005322                memcpy
                0x0000000000005322                __aeabi_memcpy
                0x0000000000005322                __aeabi_memcpy4
                0x0000000000005322                __aeabi_memcpy8
 .text.memset   0x000000000000533e       0x10 /home/hugo/ncs/toolchains/2be090971e/opt/zephyr-sdk/arm-zephyr-eabi/bin/../lib/gcc/../../picolibc/arm-zephyr-eabi/lib/thumb/v7e-m/nofp/libc.a(memset.c.o)
                0x000000000000533e                memset
 *(SORT_BY_ALIGNMENT(.TEXT.*))
 *fill*         0x000000000000534e        0x2 
 .TEXT.__aeabi_read_tp
                0x0000000000005350        0xc zephyr/arch/arch/arm/core/cortex_m/libarch__arm__core__cortex_m.a(__aeabi_read_tp.S.obj)
                0x0000000000005350                __aeabi_read_tp
 *(SORT_BY_ALIGNMENT(.gnu.linkonce.t.*))
 *(SORT_BY_ALIGNMENT(.glue_7t))
 .glue_7t       0x000000000000535c        0x0 linker stubs
 *(SORT_BY_ALIGNMENT(.glue_7))
 .glue_7        0x000000000000535c        0x0 linker stubs
 *(SORT_BY_ALIGNMENT(.vfp11_veneer))
 .vfp11_veneer  0x000000000000535c        0x0 linker stubs
 *(SORT_BY_ALIGNMENT(.v4_bx))
 .v4_bx         0x000000000000535c        0x0 linker stubs
                0x000000000000535c                . = ALIGN (0x4)
                0x000000000000535c                __text_region_end = .

.ARM.exidx      0x000000000000535c        0x0
                0x000000000000535c                __exidx_start = .
 *(SORT_BY_ALIGNMENT(.ARM.exidx*) SORT_BY_ALIGNMENT(gnu.linkonce.armexidx.*))
                0x000000000000535c                __exidx_end = .
                0x000000000000535c                __rodata_region_start = .

initlevel       0x000000000000535c       0x60
                0x000000000000535c                __init_start = .
                0x000000000000535c                __init_EARLY_start = .
 *(SORT_BY_NAME(SORT_BY_ALIGNMENT(.z_init_EARLY?_*)))
 *(SORT_BY_NAME(SORT_BY_ALIGNMENT(.z_init_EARLY??_*)))
                0x000000000000535c                __init_PRE_KERNEL_1_start = .
 *(SORT_BY_NAME(SORT_BY_ALIGNMENT(.z_init_PRE_KERNEL_1?_*)))
 .z_init_PRE_KERNEL_10_0_
                0x000000000000535c        0x8 zephyr/soc/soc/arm/nordic_nrf/libsoc__arm__nordic_nrf.a(soc.c.obj)
 *(SORT_BY_NAME(SORT_BY_ALIGNMENT(.z_init_PRE_KERNEL_1??_*)))
 .z_init_PRE_KERNEL_130_00075_
                0x0000000000005364        0x8 zephyr/drivers/clock_control/libdrivers__clock_control.a(clock_control_nrf.c.obj)
 .z_init_PRE_KERNEL_130_0_
                0x000000000000536c        0x8 modules/segger/libmodules__segger.a(SEGGER_RTT_zephyr.c.obj)
 .z_init_PRE_KERNEL_130_0_
                0x0000000000005374        0x8 zephyr/kernel/libkernel.a(mem_slab.c.obj)
 .z_init_PRE_KERNEL_140_00011_
                0x000000000000537c        0x8 zephyr/drivers/gpio/libdrivers__gpio.a(gpio_nrfx.c.obj)
 .z_init_PRE_KERNEL_140_00105_
                0x0000000000005384        0x8 zephyr/drivers/gpio/libdrivers__gpio.a(gpio_nrfx.c.obj)
 .z_init_PRE_KERNEL_140_0_
                0x000000000000538c        0x8 modules/nrf/drivers/hw_cc3xx/lib..__nrf__drivers__hw_cc3xx.a(hw_cc3xx.c.obj)
 .z_init_PRE_KERNEL_155_00113_
                0x0000000000005394        0x8 zephyr/drivers/serial/libdrivers__serial.a(uart_nrfx_uarte.c.obj)
 .z_init_PRE_KERNEL_160_0_
                0x000000000000539c        0x8 zephyr/drivers/console/libdrivers__console.a(uart_console.c.obj)
                0x00000000000053a4                __init_PRE_KERNEL_2_start = .
 *(SORT_BY_NAME(SORT_BY_ALIGNMENT(.z_init_PRE_KERNEL_2?_*)))
 .z_init_PRE_KERNEL_20_0_
                0x00000000000053a4        0x8 zephyr/drivers/timer/libdrivers__timer.a(nrf_rtc_timer.c.obj)
 *(SORT_BY_NAME(SORT_BY_ALIGNMENT(.z_init_PRE_KERNEL_2??_*)))
                0x00000000000053ac                __init_POST_KERNEL_start = .
 *(SORT_BY_NAME(SORT_BY_ALIGNMENT(.z_init_POST_KERNEL?_*)))
 *(SORT_BY_NAME(SORT_BY_ALIGNMENT(.z_init_POST_KERNEL??_*)))
 .z_init_POST_KERNEL40_0_
                0x00000000000053ac        0x8 zephyr/lib/libc/common/liblib__libc__common.a(malloc.c.obj)
 .z_init_POST_KERNEL40_0_
                0x00000000000053b4        0x8 modules/nrf/drivers/hw_cc3xx/lib..__nrf__drivers__hw_cc3xx.a(hw_cc3xx.c.obj)
                0x00000000000053bc                __init_APPLICATION_start = .
 *(SORT_BY_NAME(SORT_BY_ALIGNMENT(.z_init_APPLICATION?_*)))
 *(SORT_BY_NAME(SORT_BY_ALIGNMENT(.z_init_APPLICATION??_*)))
                0x00000000000053bc                __init_SMP_start = .
 *(SORT_BY_NAME(SORT_BY_ALIGNMENT(.z_init_SMP?_*)))
 *(SORT_BY_NAME(SORT_BY_ALIGNMENT(.z_init_SMP??_*)))
                0x00000000000053bc                __init_end = .

device_area     0x00000000000053bc       0x50
                0x00000000000053bc                _device_list_start = .
 *(SORT_BY_NAME(SORT_BY_ALIGNMENT(._device.static.*_?_*)))
 *(SORT_BY_NAME(SORT_BY_ALIGNMENT(._device.static.*_??_*)))
 ._device.static.1_30_
                0x00000000000053bc       0x14 zephyr/drivers/clock_control/libdrivers__clock_control.a(clock_control_nrf.c.obj)
                0x00000000000053bc                __device_dts_ord_75
 ._device.static.1_40_
                0x00000000000053d0       0x28 zephyr/drivers/gpio/libdrivers__gpio.a(gpio_nrfx.c.obj)
                0x00000000000053d0                __device_dts_ord_105
                0x00000000000053e4                __device_dts_ord_11
 ._device.static.1_55_
                0x00000000000053f8       0x14 zephyr/drivers/serial/libdrivers__serial.a(uart_nrfx_uarte.c.obj)
                0x00000000000053f8                __device_dts_ord_113
                0x000000000000540c                _device_list_end = .

sw_isr_table    0x000000000000540c      0x180
                0x000000000000540c                . = ALIGN (0x4)
 *(SORT_BY_ALIGNMENT(.gnu.linkonce.sw_isr_table*))
 .gnu.linkonce.sw_isr_table
                0x000000000000540c      0x180 zephyr/CMakeFiles/zephyr_final.dir/isr_tables.c.obj
                0x000000000000540c                _sw_isr_table

initlevel_error
                0x000000000000535c        0x0
 *(SORT_BY_NAME(SORT_BY_ALIGNMENT(.z_init_[_A-Z0-9]*)))
                0x0000000000000001                ASSERT ((SIZEOF (initlevel_error) == 0x0), Undefined initialization levels used.)

app_shmem_regions
                0x000000000000558c        0x0
                0x000000000000558c                __app_shmem_regions_start = .
 *(SORT_BY_NAME(SORT_BY_ALIGNMENT(.app_regions.*)))
                0x000000000000558c                __app_shmem_regions_end = .

k_p4wq_initparam_area
                0x000000000000558c        0x0
                0x000000000000558c                _k_p4wq_initparam_list_start = .
 *(SORT_BY_NAME(SORT_BY_ALIGNMENT(._k_p4wq_initparam.static.*)))
                0x000000000000558c                _k_p4wq_initparam_list_end = .

_static_thread_data_area
                0x000000000000558c        0x0
                0x000000000000558c                __static_thread_data_list_start = .
 *(SORT_BY_NAME(SORT_BY_ALIGNMENT(.__static_thread_data.static.*)))
                0x000000000000558c                __static_thread_data_list_end = .

device_deps     0x000000000000558c        0x0
                0x000000000000558c                __device_deps_start = .
 *(SORT_BY_NAME(SORT_BY_ALIGNMENT(.__device_deps_pass2*)))
                0x000000000000558c                __device_deps_end = .

ztest           0x000000000000558c        0x0
                0x000000000000558c                _ztest_expected_result_entry_list_start = .
 *(SORT_BY_NAME(SORT_BY_ALIGNMENT(._ztest_expected_result_entry.static.*)))
                0x000000000000558c                _ztest_expected_result_entry_list_end = .
                0x000000000000558c                _ztest_suite_node_list_start = .
 *(SORT_BY_NAME(SORT_BY_ALIGNMENT(._ztest_suite_node.static.*)))
                0x000000000000558c                _ztest_suite_node_list_end = .
                0x000000000000558c                _ztest_unit_test_list_start = .
 *(SORT_BY_NAME(SORT_BY_ALIGNMENT(._ztest_unit_test.static.*)))
                0x000000000000558c                _ztest_unit_test_list_end = .
                0x000000000000558c                _ztest_test_rule_list_start = .
 *(SORT_BY_NAME(SORT_BY_ALIGNMENT(._ztest_test_rule.static.*)))
                0x000000000000558c                _ztest_test_rule_list_end = .

bt_l2cap_fixed_chan_area
                0x000000000000558c        0x0
                0x000000000000558c                _bt_l2cap_fixed_chan_list_start = .
 *(SORT_BY_NAME(SORT_BY_ALIGNMENT(._bt_l2cap_fixed_chan.static.*)))
                0x000000000000558c                _bt_l2cap_fixed_chan_list_end = .

bt_gatt_service_static_area
                0x000000000000558c        0x0
                0x000000000000558c                _bt_gatt_service_static_list_start = .
 *(SORT_BY_NAME(SORT_BY_ALIGNMENT(._bt_gatt_service_static.static.*)))
                0x000000000000558c                _bt_gatt_service_static_list_end = .

log_strings_area
                0x000000000000558c        0x0
                0x000000000000558c                _log_strings_list_start = .
 *(SORT_BY_NAME(SORT_BY_ALIGNMENT(._log_strings.static.*)))
                0x000000000000558c                _log_strings_list_end = .

log_const_area  0x000000000000558c        0x0
                0x000000000000558c                _log_const_list_start = .
 *(SORT_BY_NAME(SORT_BY_ALIGNMENT(._log_const.static.*)))
                0x000000000000558c                _log_const_list_end = .

log_backend_area
                0x000000000000558c        0x0
                0x000000000000558c                _log_backend_list_start = .
 *(SORT_BY_NAME(SORT_BY_ALIGNMENT(._log_backend.static.*)))
                0x000000000000558c                _log_backend_list_end = .

log_link_area   0x000000000000558c        0x0
                0x000000000000558c                _log_link_list_start = .
 *(SORT_BY_NAME(SORT_BY_ALIGNMENT(._log_link.static.*)))
                0x000000000000558c                _log_link_list_end = .

tracing_backend_area
                0x000000000000558c        0x0
                0x000000000000558c                _tracing_backend_list_start = .
 *(SORT_BY_NAME(SORT_BY_ALIGNMENT(._tracing_backend.static.*)))
                0x000000000000558c                _tracing_backend_list_end = .

zephyr_dbg_info
 *(SORT_BY_ALIGNMENT(.dbg_thread_info))

symbol_to_keep  0x000000000000558c        0x0
                0x000000000000558c                __symbol_to_keep_start = .
 *(SORT_BY_NAME(SORT_BY_ALIGNMENT(.symbol_to_keep*)))
                0x000000000000558c                __symbol_to_keep_end = .

shell_area      0x000000000000558c        0x0
                0x000000000000558c                _shell_list_start = .
 *(SORT_BY_NAME(SORT_BY_ALIGNMENT(._shell.static.*)))
                0x000000000000558c                _shell_list_end = .

shell_root_cmds_area
                0x000000000000558c        0x0
                0x000000000000558c                _shell_root_cmds_list_start = .
 *(SORT_BY_NAME(SORT_BY_ALIGNMENT(._shell_root_cmds.static.*)))
                0x000000000000558c                _shell_root_cmds_list_end = .

shell_subcmds_area
                0x000000000000558c        0x0
                0x000000000000558c                _shell_subcmds_list_start = .
 *(SORT_BY_NAME(SORT_BY_ALIGNMENT(._shell_subcmds.static.*)))
                0x000000000000558c                _shell_subcmds_list_end = .

shell_dynamic_subcmds_area
                0x000000000000558c        0x0
                0x000000000000558c                _shell_dynamic_subcmds_list_start = .
 *(SORT_BY_NAME(SORT_BY_ALIGNMENT(._shell_dynamic_subcmds.static.*)))
                0x000000000000558c                _shell_dynamic_subcmds_list_end = .

cfb_font_area   0x000000000000558c        0x0
                0x000000000000558c                _cfb_font_list_start = .
 *(SORT_BY_NAME(SORT_BY_ALIGNMENT(._cfb_font.static.*)))
                0x000000000000558c                _cfb_font_list_end = .

tdata           0x000000000000558c        0x0
 *(SORT_BY_ALIGNMENT(.tdata) SORT_BY_ALIGNMENT(.tdata.*) SORT_BY_ALIGNMENT(.gnu.linkonce.td.*))

tbss            0x000000000000558c        0x4
 *(SORT_BY_ALIGNMENT(.tbss) SORT_BY_ALIGNMENT(.tbss.*) SORT_BY_ALIGNMENT(.gnu.linkonce.tb.*) SORT_BY_ALIGNMENT(.tcommon))
 .tbss.z_tls_current
                0x000000000000558c        0x4 zephyr/libzephyr.a(thread_entry.c.obj)
                0x000000000000558c                z_tls_current
                0x000000000000558c                PROVIDE (__tdata_start = LOADADDR (tdata))
                0x0000000000000000                PROVIDE (__tdata_size = SIZEOF (tdata))
                [!provide]                        PROVIDE (__tdata_end = (__tdata_start + __tdata_size))
                0x0000000000000001                PROVIDE (__tdata_align = ALIGNOF (tdata))
                [!provide]                        PROVIDE (__tbss_start = ADDR (tbss))
                0x0000000000000004                PROVIDE (__tbss_size = SIZEOF (tbss))
                [!provide]                        PROVIDE (__tbss_end = (__tbss_start + __tbss_size))
                0x0000000000000004                PROVIDE (__tbss_align = ALIGNOF (tbss))
                [!provide]                        PROVIDE (__tls_start = __tdata_start)
                [!provide]                        PROVIDE (__tls_end = __tbss_end)
                [!provide]                        PROVIDE (__tls_size = (__tbss_end - __tdata_start))

rodata          0x0000000000005590      0x468
 *(SORT_BY_ALIGNMENT(.rodata))
 *(SORT_BY_ALIGNMENT(.rodata.*))
 .rodata.delay_machine_code.0
                0x0000000000005590        0x6 zephyr/soc/soc/arm/nordic_nrf/libsoc__arm__nordic_nrf.a(soc.c.obj)
 *fill*         0x0000000000005596        0x2 
 .rodata.but    0x0000000000005598       0x20 app/libapp.a(main.c.obj)
 .rodata.led    0x00000000000055b8       0x20 app/libapp.a(main.c.obj)
 .rodata.mem_attr_region
                0x00000000000055d8        0x0 zephyr/libzephyr.a(mem_attr.c.obj)
 .rodata.apis   0x00000000000055d8        0x8 zephyr/libzephyr.a(nrf_cc3xx_platform_abort_zephyr.c.obj)
 .rodata.mutexes
                0x00000000000055e0       0x14 zephyr/libzephyr.a(nrf_cc3xx_platform_mutex_zephyr.c.obj)
 .rodata.mutex_apis
                0x00000000000055f4       0x10 zephyr/libzephyr.a(nrf_cc3xx_platform_mutex_zephyr.c.obj)
 .rodata.static_regions
                0x0000000000005604        0xc zephyr/arch/arch/arm/core/mpu/libarch__arm__core__mpu.a(arm_core_mpu.c.obj)
 .rodata.mpu_config
                0x0000000000005610        0x8 zephyr/arch/arch/arm/core/mpu/libarch__arm__core__mpu.a(arm_mpu_regions.c.obj)
                0x0000000000005610                mpu_config
 .rodata.mpu_regions
                0x0000000000005618       0x18 zephyr/arch/arch/arm/core/mpu/libarch__arm__core__mpu.a(arm_mpu_regions.c.obj)
 .rodata.stdout
                0x0000000000005630        0x4 zephyr/lib/libc/picolibc/liblib__libc__picolibc.a(libc-hooks.c.obj)
                0x0000000000005630                stdout
                0x0000000000005630                stderr
 .rodata.transitions.0
                0x0000000000005634        0xc zephyr/drivers/clock_control/libdrivers__clock_control.a(clock_control_nrf.c.obj)
 .rodata.config
                0x0000000000005640       0x10 zephyr/drivers/clock_control/libdrivers__clock_control.a(clock_control_nrf.c.obj)
 .rodata.clock_control_api
                0x0000000000005650       0x1c zephyr/drivers/clock_control/libdrivers__clock_control.a(clock_control_nrf.c.obj)
 .rodata.gpio_nrfx_p1_cfg
                0x000000000000566c       0x18 zephyr/drivers/gpio/libdrivers__gpio.a(gpio_nrfx.c.obj)
 .rodata.gpio_nrfx_p0_cfg
                0x0000000000005684       0x18 zephyr/drivers/gpio/libdrivers__gpio.a(gpio_nrfx.c.obj)
 .rodata.gpio_nrfx_drv_api_funcs
                0x000000000000569c       0x24 zephyr/drivers/gpio/libdrivers__gpio.a(gpio_nrfx.c.obj)
 .rodata.uarte_0z_config
                0x00000000000056c0       0x10 zephyr/drivers/serial/libdrivers__serial.a(uart_nrfx_uarte.c.obj)
 .rodata.__pinctrl_dev_config__device_dts_ord_113
                0x00000000000056d0        0xc zephyr/drivers/serial/libdrivers__serial.a(uart_nrfx_uarte.c.obj)
 .rodata.__pinctrl_states__device_dts_ord_113
                0x00000000000056dc        0x8 zephyr/drivers/serial/libdrivers__serial.a(uart_nrfx_uarte.c.obj)
 .rodata.__pinctrl_state_pins_0__device_dts_ord_113
                0x00000000000056e4       0x10 zephyr/drivers/serial/libdrivers__serial.a(uart_nrfx_uarte.c.obj)
 .rodata.uart_nrfx_uarte_driver_api
                0x00000000000056f4        0xc zephyr/drivers/serial/libdrivers__serial.a(uart_nrfx_uarte.c.obj)
 .rodata.levels.0
                0x0000000000005700       0x18 zephyr/kernel/libkernel.a(init.c.obj)
 .rodata.CSWTCH.10
                0x0000000000005718       0x1c /home/hugo/ncs/v2.6.1/nrfxlib/crypto/nrf_cc310_platform/lib/cortex-m4/soft-float/no-interrupts/libnrf_cc310_platform_0.9.19.a(nrf_cc3xx_platform.c.obj)
 .rodata.mutex_free.str1.4
                0x0000000000005734       0x26 /home/hugo/ncs/v2.6.1/nrfxlib/crypto/nrf_cc310_platform/lib/cortex-m4/soft-float/no-interrupts/libnrf_cc310_platform_0.9.19.a(nrf_cc3xx_platform_mutex.c.obj)
 *fill*         0x000000000000575a        0x2 
 .rodata.mutex_init.str1.4
                0x000000000000575c       0x23 /home/hugo/ncs/v2.6.1/nrfxlib/crypto/nrf_cc310_platform/lib/cortex-m4/soft-float/no-interrupts/libnrf_cc310_platform_0.9.19.a(nrf_cc3xx_platform_mutex.c.obj)
 *fill*         0x000000000000577f        0x1 
 .rodata.CC_PalPowerSaveModeInit.str1.4
                0x0000000000005780       0x20 /home/hugo/ncs/v2.6.1/nrfxlib/crypto/nrf_cc310_platform/lib/cortex-m4/soft-float/no-interrupts/libnrf_cc310_platform_0.9.19.a(cc_pal_pm.c.obj)
 .rodata.vM_welcome_message.str1.1
                0x00000000000057a0       0x42 app/libapp.a(main.c.obj)
                                         0x44 (size before relaxing)
 .rodata.vM_select_product.str1.1
                0x00000000000057e2       0x9c app/libapp.a(main.c.obj)
 .rodata.vM_dispense_product.str1.1
                0x000000000000587e       0x19 app/libapp.a(main.c.obj)
 .rodata.vM_return_credit.str1.1
                0x0000000000005897       0x15 app/libapp.a(main.c.obj)
 .rodata.sys_reboot.str1.1
                0x00000000000058ac       0x29 zephyr/libzephyr.a(reboot.c.obj)
 .rodata.mutex_free_platform.str1.1
                0x00000000000058d5       0x26 zephyr/libzephyr.a(nrf_cc3xx_platform_mutex_zephyr.c.obj)
 .rodata.mutex_init_platform.str1.1
                0x00000000000058fb       0x2d zephyr/libzephyr.a(nrf_cc3xx_platform_mutex_zephyr.c.obj)
 .rodata.str1.1
                0x0000000000005928        0xf zephyr/arch/arch/arm/core/mpu/libarch__arm__core__mpu.a(arm_mpu_regions.c.obj)
 .rodata.CSWTCH.5
                0x0000000000005937        0x6 zephyr/soc/soc/arm/nordic_nrf/libsoc__arm__nordic_nrf.a(soc.c.obj)
 .rodata.str1.1
                0x000000000000593d        0xf zephyr/drivers/clock_control/libdrivers__clock_control.a(clock_control_nrf.c.obj)
 .rodata.str1.1
                0x000000000000594c       0x1c zephyr/drivers/gpio/libdrivers__gpio.a(gpio_nrfx.c.obj)
 .rodata.drive_modes
                0x0000000000005968        0x8 zephyr/drivers/pinctrl/libdrivers__pinctrl.a(pinctrl_nrf.c.obj)
 .rodata.str1.1
                0x0000000000005970        0xe zephyr/drivers/serial/libdrivers__serial.a(uart_nrfx_uarte.c.obj)
 .rodata.CSWTCH.14
                0x000000000000597e        0x6 modules/hal_nordic/nrfx/libmodules__hal_nordic__nrfx.a(system_nrf52840.c.obj)
 .rodata.CSWTCH.5
                0x0000000000005984        0x6 modules/hal_nordic/nrfx/libmodules__hal_nordic__nrfx.a(system_nrf52840.c.obj)
 .rodata.port_offset.1
                0x000000000000598a       0x10 modules/hal_nordic/nrfx/libmodules__hal_nordic__nrfx.a(nrfx_gpiote.c.obj)
 .rodata.ports  0x000000000000599a        0x2 modules/hal_nordic/nrfx/libmodules__hal_nordic__nrfx.a(nrfx_gpiote.c.obj)
 .rodata._DoInit.str1.1
                0x000000000000599c        0x9 modules/segger/libmodules__segger.a(SEGGER_RTT.c.obj)
 .rodata._aInitStr.0
                0x00000000000059a5       0x11 modules/segger/libmodules__segger.a(SEGGER_RTT.c.obj)
 .rodata.z_cstart.str1.1
                0x00000000000059b6        0x5 zephyr/kernel/libkernel.a(init.c.obj)
 .rodata.boot_banner.str1.1
                0x00000000000059bb       0x2e zephyr/kernel/libkernel.a(banner.c.obj)
 .rodata.__l_vfprintf.str1.1
                0x00000000000059e9        0xf /home/hugo/ncs/toolchains/2be090971e/opt/zephyr-sdk/arm-zephyr-eabi/bin/../lib/gcc/../../picolibc/arm-zephyr-eabi/lib/thumb/v7e-m/nofp/libc.a(libc_tinystdio_vflprintf.c.o)
 *(SORT_BY_ALIGNMENT(.gnu.linkonce.r.*))
                0x00000000000059f8                . = ALIGN (0x4)
                0x00000000000059f8                __rodata_region_end = .
                0x0000000000005a00                . = ALIGN (_region_min_align)
                0x0000000000008000                . = ALIGN ((0x1 << LOG2CEIL ((__rodata_region_end - ADDR (rom_start)))))
                0x0000000000008000                __rom_region_end = ((__rom_region_start + .) - ADDR (rom_start))

/DISCARD/
 *(SORT_BY_ALIGNMENT(.got.plt))
 *(SORT_BY_ALIGNMENT(.igot.plt))
 *(SORT_BY_ALIGNMENT(.got))
 *(SORT_BY_ALIGNMENT(.igot))
                0x0000000020000000                . = 0x20000000
                0x0000000020000000                . = ALIGN (_region_min_align)
                0x0000000020000000                _image_ram_start = .

.ramfunc        0x0000000020000000        0x0 load address 0x00000000000059f8
                0x0000000020000000                . = ALIGN (_region_min_align)
                0x0000000020000000                . = ALIGN ((0x1 << LOG2CEIL (__ramfunc_size)))
                0x0000000020000000                __ramfunc_start = .
 *(SORT_BY_ALIGNMENT(.ramfunc))
 *(SORT_BY_ALIGNMENT(.ramfunc.*))
                0x0000000020000000                . = ALIGN (_region_min_align)
                0x0000000020000000                . = ALIGN ((0x1 << LOG2CEIL (__ramfunc_size)))
                0x0000000020000000                __ramfunc_end = .
                0x0000000000000000                __ramfunc_size = (__ramfunc_end - __ramfunc_start)
                0x00000000000059f8                __ramfunc_load_start = LOADADDR (.ramfunc)

datas           0x0000000020000000      0x140 load address 0x00000000000059f8
                0x0000000020000000                __data_region_start = .
                0x0000000020000000                __data_start = .
 *(SORT_BY_ALIGNMENT(.data))
 *(SORT_BY_ALIGNMENT(.data.*))
 .data._char_out
                0x0000000020000000        0x4 zephyr/libzephyr.a(printk.c.obj)
                0x0000000020000000                _char_out
 .data.power_mutex
                0x0000000020000004        0x8 zephyr/libzephyr.a(nrf_cc3xx_platform_mutex_zephyr.c.obj)
 .data.rng_mutex
                0x000000002000000c        0x8 zephyr/libzephyr.a(nrf_cc3xx_platform_mutex_zephyr.c.obj)
 .data.asym_mutex
                0x0000000020000014        0x8 zephyr/libzephyr.a(nrf_cc3xx_platform_mutex_zephyr.c.obj)
 .data.sym_mutex
                0x000000002000001c        0x8 zephyr/libzephyr.a(nrf_cc3xx_platform_mutex_zephyr.c.obj)
 .data.__stdout
                0x0000000020000024       0x10 zephyr/lib/libc/picolibc/liblib__libc__picolibc.a(libc-hooks.c.obj)
 .data.uarte_0_data
                0x0000000020000034       0x1c zephyr/drivers/serial/libdrivers__serial.a(uart_nrfx_uarte.c.obj)
 .data.m_cb     0x0000000020000050       0x84 modules/hal_nordic/nrfx/libmodules__hal_nordic__nrfx.a(nrfx_gpiote.c.obj)
 .data.m_channels_allocated
                0x00000000200000d4        0x4 modules/hal_nordic/nrfx/libmodules__hal_nordic__nrfx.a(nrfx_ppi.c.obj)
 .data.timeout_list
                0x00000000200000d8        0x8 zephyr/kernel/libkernel.a(timeout.c.obj)
 .data.platform_abort_apis
                0x00000000200000e0        0x8 /home/hugo/ncs/v2.6.1/nrfxlib/crypto/nrf_cc310_platform/lib/cortex-m4/soft-float/no-interrupts/libnrf_cc310_platform_0.9.19.a(nrf_cc3xx_platform_abort.c.obj)
                0x00000000200000e0                platform_abort_apis
 .data.platform_mutexes
                0x00000000200000e8       0x14 /home/hugo/ncs/v2.6.1/nrfxlib/crypto/nrf_cc310_platform/lib/cortex-m4/soft-float/no-interrupts/libnrf_cc310_platform_0.9.19.a(nrf_cc3xx_platform_mutex.c.obj)
                0x00000000200000e8                platform_mutexes
 .data.platform_mutex_apis
                0x00000000200000fc       0x10 /home/hugo/ncs/v2.6.1/nrfxlib/crypto/nrf_cc310_platform/lib/cortex-m4/soft-float/no-interrupts/libnrf_cc310_platform_0.9.19.a(nrf_cc3xx_platform_mutex.c.obj)
                0x00000000200000fc                platform_mutex_apis
 .data.power_mutex
                0x000000002000010c        0x8 /home/hugo/ncs/v2.6.1/nrfxlib/crypto/nrf_cc310_platform/lib/cortex-m4/soft-float/no-interrupts/libnrf_cc310_platform_0.9.19.a(nrf_cc3xx_platform_mutex.c.obj)
 .data.rng_mutex
                0x0000000020000114        0x8 /home/hugo/ncs/v2.6.1/nrfxlib/crypto/nrf_cc310_platform/lib/cortex-m4/soft-float/no-interrupts/libnrf_cc310_platform_0.9.19.a(nrf_cc3xx_platform_mutex.c.obj)
 .data.asym_mutex
                0x000000002000011c        0x8 /home/hugo/ncs/v2.6.1/nrfxlib/crypto/nrf_cc310_platform/lib/cortex-m4/soft-float/no-interrupts/libnrf_cc310_platform_0.9.19.a(nrf_cc3xx_platform_mutex.c.obj)
 .data.sym_mutex
                0x0000000020000124        0x8 /home/hugo/ncs/v2.6.1/nrfxlib/crypto/nrf_cc310_platform/lib/cortex-m4/soft-float/no-interrupts/libnrf_cc310_platform_0.9.19.a(nrf_cc3xx_platform_mutex.c.obj)
 .data.pCCRndCryptoMutex
                0x000000002000012c        0x4 /home/hugo/ncs/v2.6.1/nrfxlib/crypto/nrf_cc310_platform/lib/cortex-m4/soft-float/no-interrupts/libnrf_cc310_platform_0.9.19.a(cc_pal.c.obj)
                0x000000002000012c                pCCRndCryptoMutex
 .data.CCPowerMutex
                0x0000000020000130        0x4 /home/hugo/ncs/v2.6.1/nrfxlib/crypto/nrf_cc310_platform/lib/cortex-m4/soft-float/no-interrupts/libnrf_cc310_platform_0.9.19.a(cc_pal.c.obj)
                0x0000000020000130                CCPowerMutex
 .data.CCRndCryptoMutex
                0x0000000020000134        0x4 /home/hugo/ncs/v2.6.1/nrfxlib/crypto/nrf_cc310_platform/lib/cortex-m4/soft-float/no-interrupts/libnrf_cc310_platform_0.9.19.a(cc_pal.c.obj)
                0x0000000020000134                CCRndCryptoMutex
 .data.CCAsymCryptoMutex
                0x0000000020000138        0x4 /home/hugo/ncs/v2.6.1/nrfxlib/crypto/nrf_cc310_platform/lib/cortex-m4/soft-float/no-interrupts/libnrf_cc310_platform_0.9.19.a(cc_pal.c.obj)
                0x0000000020000138                CCAsymCryptoMutex
 .data.CCSymCryptoMutex
                0x000000002000013c        0x4 /home/hugo/ncs/v2.6.1/nrfxlib/crypto/nrf_cc310_platform/lib/cortex-m4/soft-float/no-interrupts/libnrf_cc310_platform_0.9.19.a(cc_pal.c.obj)
                0x000000002000013c                CCSymCryptoMutex
 *(SORT_BY_ALIGNMENT(.kernel.*))
                0x0000000020000140                __data_end = .
                0x0000000000000140                __data_size = (__data_end - __data_start)
                0x00000000000059f8                __data_load_start = LOADADDR (datas)
                0x00000000000059f8                __data_region_load_start = LOADADDR (datas)

device_states   0x0000000020000140        0x8 load address 0x0000000000005b38
                0x0000000020000140                __device_states_start = .
 *(SORT_BY_ALIGNMENT(.z_devstate))
 .z_devstate    0x0000000020000140        0x2 zephyr/drivers/clock_control/libdrivers__clock_control.a(clock_control_nrf.c.obj)
 .z_devstate    0x0000000020000142        0x4 zephyr/drivers/gpio/libdrivers__gpio.a(gpio_nrfx.c.obj)
 .z_devstate    0x0000000020000146        0x2 zephyr/drivers/serial/libdrivers__serial.a(uart_nrfx_uarte.c.obj)
 *(SORT_BY_ALIGNMENT(.z_devstate.*))
                0x0000000020000148                __device_states_end = .

log_mpsc_pbuf_area
                0x0000000020000148        0x0 load address 0x0000000000005b40
                0x0000000020000148                _log_mpsc_pbuf_list_start = .
 *(SORT_BY_NAME(SORT_BY_ALIGNMENT(._log_mpsc_pbuf.static.*)))
                0x0000000020000148                _log_mpsc_pbuf_list_end = .

log_msg_ptr_area
                0x0000000020000148        0x0 load address 0x0000000000005b40
                0x0000000020000148                _log_msg_ptr_list_start = .
 *(SORT_BY_NAME(SORT_BY_ALIGNMENT(._log_msg_ptr.static.*)))
                0x0000000020000148                _log_msg_ptr_list_end = .

log_dynamic_area
                0x0000000020000148        0x0 load address 0x0000000000005b40
                0x0000000020000148                _log_dynamic_list_start = .
 *(SORT_BY_NAME(SORT_BY_ALIGNMENT(._log_dynamic.static.*)))
                0x0000000020000148                _log_dynamic_list_end = .

k_timer_area    0x0000000020000148        0x0 load address 0x0000000000005b40
                0x0000000020000148                _k_timer_list_start = .
 *(SORT_BY_NAME(SORT_BY_ALIGNMENT(._k_timer.static.*)))
                0x0000000020000148                _k_timer_list_end = .

k_mem_slab_area
                0x0000000020000148        0x0 load address 0x0000000000005b40
                0x0000000020000148                _k_mem_slab_list_start = .
 *(SORT_BY_NAME(SORT_BY_ALIGNMENT(._k_mem_slab.static.*)))
                0x0000000020000148                _k_mem_slab_list_end = .

k_heap_area     0x0000000020000148        0x0 load address 0x0000000000005b40
                0x0000000020000148                _k_heap_list_start = .
 *(SORT_BY_NAME(SORT_BY_ALIGNMENT(._k_heap.static.*)))
                0x0000000020000148                _k_heap_list_end = .

k_mutex_area    0x0000000020000148       0x50 load address 0x0000000000005b40
                0x0000000020000148                _k_mutex_list_start = .
 *(SORT_BY_NAME(SORT_BY_ALIGNMENT(._k_mutex.static.*)))
 ._k_mutex.static.asym_mutex_int_
                0x0000000020000148       0x14 zephyr/libzephyr.a(nrf_cc3xx_platform_mutex_zephyr.c.obj)
                0x0000000020000148                asym_mutex_int
 ._k_mutex.static.power_mutex_int_
                0x000000002000015c       0x14 zephyr/libzephyr.a(nrf_cc3xx_platform_mutex_zephyr.c.obj)
                0x000000002000015c                power_mutex_int
 ._k_mutex.static.rng_mutex_int_
                0x0000000020000170       0x14 zephyr/libzephyr.a(nrf_cc3xx_platform_mutex_zephyr.c.obj)
                0x0000000020000170                rng_mutex_int
 ._k_mutex.static.sym_mutex_int_
                0x0000000020000184       0x14 zephyr/libzephyr.a(nrf_cc3xx_platform_mutex_zephyr.c.obj)
                0x0000000020000184                sym_mutex_int
                0x0000000020000198                _k_mutex_list_end = .

k_stack_area    0x0000000020000198        0x0 load address 0x0000000000005b90
                0x0000000020000198                _k_stack_list_start = .
 *(SORT_BY_NAME(SORT_BY_ALIGNMENT(._k_stack.static.*)))
                0x0000000020000198                _k_stack_list_end = .

k_msgq_area     0x0000000020000198        0x0 load address 0x0000000000005b90
                0x0000000020000198                _k_msgq_list_start = .
 *(SORT_BY_NAME(SORT_BY_ALIGNMENT(._k_msgq.static.*)))
                0x0000000020000198                _k_msgq_list_end = .

k_mbox_area     0x0000000020000198        0x0 load address 0x0000000000005b90
                0x0000000020000198                _k_mbox_list_start = .
 *(SORT_BY_NAME(SORT_BY_ALIGNMENT(._k_mbox.static.*)))
                0x0000000020000198                _k_mbox_list_end = .

k_pipe_area     0x0000000020000198        0x0 load address 0x0000000000005b90
                0x0000000020000198                _k_pipe_list_start = .
 *(SORT_BY_NAME(SORT_BY_ALIGNMENT(._k_pipe.static.*)))
                0x0000000020000198                _k_pipe_list_end = .

k_sem_area      0x0000000020000198        0x0 load address 0x0000000000005b90
                0x0000000020000198                _k_sem_list_start = .
 *(SORT_BY_NAME(SORT_BY_ALIGNMENT(._k_sem.static.*)))
                0x0000000020000198                _k_sem_list_end = .

k_event_area    0x0000000020000198        0x0 load address 0x0000000000005b90
                0x0000000020000198                _k_event_list_start = .
 *(SORT_BY_NAME(SORT_BY_ALIGNMENT(._k_event.static.*)))
                0x0000000020000198                _k_event_list_end = .

k_queue_area    0x0000000020000198        0x0 load address 0x0000000000005b90
                0x0000000020000198                _k_queue_list_start = .
 *(SORT_BY_NAME(SORT_BY_ALIGNMENT(._k_queue.static.*)))
                0x0000000020000198                _k_queue_list_end = .

k_fifo_area     0x0000000020000198        0x0 load address 0x0000000000005b90
                0x0000000020000198                _k_fifo_list_start = .
 *(SORT_BY_NAME(SORT_BY_ALIGNMENT(._k_fifo.static.*)))
                0x0000000020000198                _k_fifo_list_end = .

k_lifo_area     0x0000000020000198        0x0 load address 0x0000000000005b90
                0x0000000020000198                _k_lifo_list_start = .
 *(SORT_BY_NAME(SORT_BY_ALIGNMENT(._k_lifo.static.*)))
                0x0000000020000198                _k_lifo_list_end = .

k_condvar_area  0x0000000020000198        0x0 load address 0x0000000000005b90
                0x0000000020000198                _k_condvar_list_start = .
 *(SORT_BY_NAME(SORT_BY_ALIGNMENT(._k_condvar.static.*)))
                0x0000000020000198                _k_condvar_list_end = .

sys_mem_blocks_ptr_area
                0x0000000020000198        0x0 load address 0x0000000000005b90
                0x0000000020000198                _sys_mem_blocks_ptr_list_start = .
 *(SORT_BY_NAME(SORT_BY_ALIGNMENT(._sys_mem_blocks_ptr.static.*)))
                0x0000000020000198                _sys_mem_blocks_ptr_list_end = .

net_buf_pool_area
                0x0000000020000198        0x0 load address 0x0000000000005b90
                0x0000000020000198                _net_buf_pool_list_start = .
 *(SORT_BY_NAME(SORT_BY_ALIGNMENT(._net_buf_pool.static.*)))
                0x0000000020000198                _net_buf_pool_list_end = .
                0x0000000020000198                __data_region_end = .

bss             0x0000000020000198      0xe25
                0x0000000020000198                . = ALIGN (0x4)
                0x0000000020000198                __bss_start = .
                0x0000000020000198                __kernel_ram_start = .
 *(SORT_BY_ALIGNMENT(.bss))
 *(SORT_BY_ALIGNMENT(.bss.*))
 .bss.cc_data   0x0000000020000198       0x10 zephyr/drivers/timer/libdrivers__timer.a(nrf_rtc_timer.c.obj)
 .bss.last_count
                0x00000000200001a8        0x8 zephyr/drivers/timer/libdrivers__timer.a(nrf_rtc_timer.c.obj)
 .bss.anchor    0x00000000200001b0        0x8 zephyr/drivers/timer/libdrivers__timer.a(nrf_rtc_timer.c.obj)
 .bss.z_idle_threads
                0x00000000200001b8       0x80 zephyr/kernel/libkernel.a(init.c.obj)
                0x00000000200001b8                z_idle_threads
 .bss.z_main_thread
                0x0000000020000238       0x80 zephyr/kernel/libkernel.a(init.c.obj)
                0x0000000020000238                z_main_thread
 .bss.slice_timeouts
                0x00000000200002b8       0x18 zephyr/kernel/libkernel.a(sched.c.obj)
 .bss.curr_tick
                0x00000000200002d0        0x8 zephyr/kernel/libkernel.a(timeout.c.obj)
 .bss.buttonCbData.0
                0x00000000200002d8        0xc app/libapp.a(main.c.obj)
 .bss.VMStateMachine
                0x00000000200002e4       0x40 app/libapp.a(main.c.obj)
                0x00000000200002e4                VMStateMachine
 .bss.mutex_slab_buffer
                0x0000000020000324      0x500 zephyr/libzephyr.a(nrf_cc3xx_platform_mutex_zephyr.c.obj)
                0x0000000020000324                mutex_slab_buffer
 .bss.mutex_slab
                0x0000000020000824       0x1c zephyr/libzephyr.a(nrf_cc3xx_platform_mutex_zephyr.c.obj)
                0x0000000020000824                mutex_slab
 .bss.z_arm_tls_ptr
                0x0000000020000840        0x4 zephyr/arch/arch/arm/core/libarch__arm__core.a(tls.c.obj)
                0x0000000020000840                z_arm_tls_ptr
 .bss.dynamic_regions.0
                0x0000000020000844        0xc zephyr/arch/arch/arm/core/mpu/libarch__arm__core__mpu.a(arm_core_mpu.c.obj)
 .bss._stdout_hook
                0x0000000020000850        0x4 zephyr/lib/libc/picolibc/liblib__libc__picolibc.a(libc-hooks.c.obj)
 .bss.z_malloc_heap
                0x0000000020000854        0xc zephyr/lib/libc/common/liblib__libc__common.a(malloc.c.obj)
 .bss.cli.1     0x0000000020000860       0x10 zephyr/drivers/clock_control/libdrivers__clock_control.a(clock_control_nrf.c.obj)
 .bss.on.2      0x0000000020000870        0x4 zephyr/drivers/clock_control/libdrivers__clock_control.a(clock_control_nrf.c.obj)
 .bss.data      0x0000000020000874       0x50 zephyr/drivers/clock_control/libdrivers__clock_control.a(clock_control_nrf.c.obj)
 .bss.hfclk_users
                0x00000000200008c4        0x4 zephyr/drivers/clock_control/libdrivers__clock_control.a(clock_control_nrf.c.obj)
 .bss.gpio_nrfx_p1_data
                0x00000000200008c8        0xc zephyr/drivers/gpio/libdrivers__gpio.a(gpio_nrfx.c.obj)
 .bss.gpio_nrfx_p0_data
                0x00000000200008d4        0xc zephyr/drivers/gpio/libdrivers__gpio.a(gpio_nrfx.c.obj)
 .bss.force_isr_mask
                0x00000000200008e0        0x4 zephyr/drivers/timer/libdrivers__timer.a(nrf_rtc_timer.c.obj)
 .bss.int_mask  0x00000000200008e4        0x4 zephyr/drivers/timer/libdrivers__timer.a(nrf_rtc_timer.c.obj)
 .bss.overflow_cnt
                0x00000000200008e8        0x4 zephyr/drivers/timer/libdrivers__timer.a(nrf_rtc_timer.c.obj)
 .bss.m_clock_cb